Command line invocation:
    /Applications/Xcode.app/Contents/Developer/usr/bin/xcodebuild -scheme PlannerApp -configuration Test -destination "platform=iOS Simulator,name=iPhone 17,OS=latest" build

Resolve Package Graph


Resolved source packages:
  shared-kit: /Users/danielstevens/github-projects/tools-automation/Shared-Kit @ local

ComputePackagePrebuildTargetDependencyGraph

Prepare packages

CreateBuildRequest

SendProjectDescription

CreateBuildOperation

ComputeTargetDependencyGraph
note: Building targets in dependency order
note: Target dependency graph (1 target)
    Target 'PlannerApp' in project 'PlannerApp' (no dependencies)

GatherProvisioningInputs

CreateBuildDescription

ExecuteExternalTool /Applications/Xcode.app/Contents/Developer/Toolchains/XcodeDefault.xctoolchain/usr/bin/clang -v -E -dM -isysroot /Applications/Xcode.app/Contents/Developer/Platforms/iPhoneSimulator.platform/Developer/SDKs/iPhoneSimulator26.2.sdk -x c -c /dev/null

ExecuteExternalTool /Applications/Xcode.app/Contents/Developer/usr/bin/actool --print-asset-tag-combinations --output-format xml1 /Users/danielstevens/github-projects/tools-automation/PlannerApp/PlannerApp/Assets.xcassets

ExecuteExternalTool /Applications/Xcode.app/Contents/Developer/usr/bin/actool --version --output-format xml1

ExecuteExternalTool /Applications/Xcode.app/Contents/Developer/Toolchains/XcodeDefault.xctoolchain/usr/bin/swiftc --version

ExecuteExternalTool /Applications/Xcode.app/Contents/Developer/Toolchains/XcodeDefault.xctoolchain/usr/bin/ld -version_details

Build description signature: 2fad24ed5f34fd7bd93f8f070efc6647
Build description path: /Users/danielstevens/Library/Developer/Xcode/DerivedData/PlannerApp-gchxksaawkyzgwdajloyqsapshop/Build/Intermediates.noindex/XCBuildData/2fad24ed5f34fd7bd93f8f070efc6647.xcbuilddata
ClangStatCache /Applications/Xcode.app/Contents/Developer/Toolchains/XcodeDefault.xctoolchain/usr/bin/clang-stat-cache /Applications/Xcode.app/Contents/Developer/Platforms/iPhoneSimulator.platform/Developer/SDKs/iPhoneSimulator26.2.sdk /Users/danielstevens/Library/Developer/Xcode/DerivedData/SDKStatCaches.noindex/iphonesimulator26.2-23C57-e8867d0c40613ffc63e0238af232dc507d00a8b37fbd7999ea79df8ebc024bf0.sdkstatcache
    cd /Users/danielstevens/github-projects/tools-automation/PlannerApp/PlannerApp.xcodeproj
    /Applications/Xcode.app/Contents/Developer/Toolchains/XcodeDefault.xctoolchain/usr/bin/clang-stat-cache /Applications/Xcode.app/Contents/Developer/Platforms/iPhoneSimulator.platform/Developer/SDKs/iPhoneSimulator26.2.sdk -o /Users/danielstevens/Library/Developer/Xcode/DerivedData/SDKStatCaches.noindex/iphonesimulator26.2-23C57-e8867d0c40613ffc63e0238af232dc507d00a8b37fbd7999ea79df8ebc024bf0.sdkstatcache

ProcessInfoPlistFile /Users/danielstevens/Library/Developer/Xcode/DerivedData/PlannerApp-gchxksaawkyzgwdajloyqsapshop/Build/Products/Release-iphonesimulator/PlannerApp.app/Info.plist /Users/danielstevens/github-projects/tools-automation/PlannerApp/Config/AppInfo.plist (in target 'PlannerApp' from project 'PlannerApp')
    cd /Users/danielstevens/github-projects/tools-automation/PlannerApp
    builtin-infoPlistUtility /Users/danielstevens/github-projects/tools-automation/PlannerApp/Config/AppInfo.plist -producttype com.apple.product-type.application -genpkginfo /Users/danielstevens/Library/Developer/Xcode/DerivedData/PlannerApp-gchxksaawkyzgwdajloyqsapshop/Build/Products/Release-iphonesimulator/PlannerApp.app/PkgInfo -expandbuildsettings -format binary -platform iphonesimulator -additionalcontentfile /Users/danielstevens/Library/Developer/Xcode/DerivedData/PlannerApp-gchxksaawkyzgwdajloyqsapshop/Build/Intermediates.noindex/PlannerApp.build/Release-iphonesimulator/PlannerApp.build/assetcatalog_generated_info.plist -o /Users/danielstevens/Library/Developer/Xcode/DerivedData/PlannerApp-gchxksaawkyzgwdajloyqsapshop/Build/Products/Release-iphonesimulator/PlannerApp.app/Info.plist

SwiftDriver PlannerApp normal arm64 com.apple.xcode.tools.swift.compiler (in target 'PlannerApp' from project 'PlannerApp')
    cd /Users/danielstevens/github-projects/tools-automation/PlannerApp
    builtin-SwiftDriver -- /Applications/Xcode.app/Contents/Developer/Toolchains/XcodeDefault.xctoolchain/usr/bin/swiftc -module-name PlannerApp -O -whole-module-optimization -enforce-exclusivity\=checked @/Users/danielstevens/Library/Developer/Xcode/DerivedData/PlannerApp-gchxksaawkyzgwdajloyqsapshop/Build/Intermediates.noindex/PlannerApp.build/Release-iphonesimulator/PlannerApp.build/Objects-normal/arm64/PlannerApp.SwiftFileList -enable-experimental-feature DebugDescriptionMacro -sdk /Applications/Xcode.app/Contents/Developer/Platforms/iPhoneSimulator.platform/Developer/SDKs/iPhoneSimulator26.2.sdk -target arm64-apple-ios26.0-simulator -g -module-cache-path /Users/danielstevens/Library/Developer/Xcode/DerivedData/ModuleCache.noindex -Xfrontend -serialize-debugging-options -profile-coverage-mapping -profile-generate -swift-version 6 -I /Users/danielstevens/Library/Developer/Xcode/DerivedData/PlannerApp-gchxksaawkyzgwdajloyqsapshop/Build/Products/Release-iphonesimulator -F /Users/danielstevens/Library/Developer/Xcode/DerivedData/PlannerApp-gchxksaawkyzgwdajloyqsapshop/Build/Products/Release-iphonesimulator -emit-localized-strings -emit-localized-strings-path /Users/danielstevens/Library/Developer/Xcode/DerivedData/PlannerApp-gchxksaawkyzgwdajloyqsapshop/Build/Intermediates.noindex/PlannerApp.build/Release-iphonesimulator/PlannerApp.build/Objects-normal/arm64 -c -num-threads 10 -Xcc -ivfsstatcache -Xcc /Users/danielstevens/Library/Developer/Xcode/DerivedData/SDKStatCaches.noindex/iphonesimulator26.2-23C57-e8867d0c40613ffc63e0238af232dc507d00a8b37fbd7999ea79df8ebc024bf0.sdkstatcache -output-file-map /Users/danielstevens/Library/Developer/Xcode/DerivedData/PlannerApp-gchxksaawkyzgwdajloyqsapshop/Build/Intermediates.noindex/PlannerApp.build/Release-iphonesimulator/PlannerApp.build/Objects-normal/arm64/PlannerApp-OutputFileMap.json -use-frontend-parseable-output -save-temps -no-color-diagnostics -explicit-module-build -module-cache-path /Users/danielstevens/Library/Developer/Xcode/DerivedData/PlannerApp-gchxksaawkyzgwdajloyqsapshop/Build/Intermediates.noindex/SwiftExplicitPrecompiledModules -clang-scanner-module-cache-path /Users/danielstevens/Library/Developer/Xcode/DerivedData/ModuleCache.noindex -sdk-module-cache-path /Users/danielstevens/Library/Developer/Xcode/DerivedData/ModuleCache.noindex -serialize-diagnostics -emit-dependencies -emit-module -emit-module-path /Users/danielstevens/Library/Developer/Xcode/DerivedData/PlannerApp-gchxksaawkyzgwdajloyqsapshop/Build/Intermediates.noindex/PlannerApp.build/Release-iphonesimulator/PlannerApp.build/Objects-normal/arm64/PlannerApp.swiftmodule -validate-clang-modules-once -clang-build-session-file /Users/danielstevens/Library/Developer/Xcode/DerivedData/ModuleCache.noindex/Session.modulevalidation -Xcc -I/Users/danielstevens/Library/Developer/Xcode/DerivedData/PlannerApp-gchxksaawkyzgwdajloyqsapshop/Build/Intermediates.noindex/PlannerApp.build/Release-iphonesimulator/PlannerApp.build/swift-overrides.hmap -emit-const-values -Xfrontend -const-gather-protocols-file -Xfrontend /Users/danielstevens/Library/Developer/Xcode/DerivedData/PlannerApp-gchxksaawkyzgwdajloyqsapshop/Build/Intermediates.noindex/PlannerApp.build/Release-iphonesimulator/PlannerApp.build/Objects-normal/arm64/PlannerApp_const_extract_protocols.json -Xcc -iquote -Xcc /Users/danielstevens/Library/Developer/Xcode/DerivedData/PlannerApp-gchxksaawkyzgwdajloyqsapshop/Build/Intermediates.noindex/PlannerApp.build/Release-iphonesimulator/PlannerApp.build/PlannerApp-generated-files.hmap -Xcc -I/Users/danielstevens/Library/Developer/Xcode/DerivedData/PlannerApp-gchxksaawkyzgwdajloyqsapshop/Build/Intermediates.noindex/PlannerApp.build/Release-iphonesimulator/PlannerApp.build/PlannerApp-own-target-headers.hmap -Xcc -I/Users/danielstevens/Library/Developer/Xcode/DerivedData/PlannerApp-gchxksaawkyzgwdajloyqsapshop/Build/Intermediates.noindex/PlannerApp.build/Release-iphonesimulator/PlannerApp.build/PlannerApp-all-target-headers.hmap -Xcc -iquote -Xcc /Users/danielstevens/Library/Developer/Xcode/DerivedData/PlannerApp-gchxksaawkyzgwdajloyqsapshop/Build/Intermediates.noindex/PlannerApp.build/Release-iphonesimulator/PlannerApp.build/PlannerApp-project-headers.hmap -Xcc -I/Users/danielstevens/Library/Developer/Xcode/DerivedData/PlannerApp-gchxksaawkyzgwdajloyqsapshop/Build/Products/Release-iphonesimulator/include -Xcc -I/Users/danielstevens/Library/Developer/Xcode/DerivedData/PlannerApp-gchxksaawkyzgwdajloyqsapshop/Build/Intermediates.noindex/PlannerApp.build/Release-iphonesimulator/PlannerApp.build/DerivedSources-normal/arm64 -Xcc -I/Users/danielstevens/Library/Developer/Xcode/DerivedData/PlannerApp-gchxksaawkyzgwdajloyqsapshop/Build/Intermediates.noindex/PlannerApp.build/Release-iphonesimulator/PlannerApp.build/DerivedSources/arm64 -Xcc -I/Users/danielstevens/Library/Developer/Xcode/DerivedData/PlannerApp-gchxksaawkyzgwdajloyqsapshop/Build/Intermediates.noindex/PlannerApp.build/Release-iphonesimulator/PlannerApp.build/DerivedSources -emit-objc-header -emit-objc-header-path /Users/danielstevens/Library/Developer/Xcode/DerivedData/PlannerApp-gchxksaawkyzgwdajloyqsapshop/Build/Intermediates.noindex/PlannerApp.build/Release-iphonesimulator/PlannerApp.build/Objects-normal/arm64/PlannerApp-Swift.h -working-directory /Users/danielstevens/github-projects/tools-automation/PlannerApp -no-emit-module-separately-wmo

SwiftCompile normal arm64 Compiling\ GoalDataManager.swift,\ SettingsView.swift,\ JournalView.swift,\ CalendarView.swift,\ DataManagerError.swift,\ JournalDetailView.swift,\ DashboardView.swift,\ JournalEntry.swift,\ TaskManagerView.swift,\ AppSettingKeys.swift,\ Theme.swift,\ PlannerApp.swift,\ AddCalendarEventView.swift,\ AddGoalView.swift,\ PlatformAdaptiveNavigation.swift,\ CloudKitEnhancements.swift,\ CloudKitSyncView.swift,\ CloudKitManager.swift,\ CloudKitOnboardingView.swift,\ SyncStatusView.swift,\ iOSAdaptivePopups.swift,\ ModernCard.swift,\ DashboardViewModel.swift,\ ThemeManager.swift,\ Goal.swift,\ CalendarEvent.swift,\ GoalsView.swift,\ AddJournalEntryView.swift,\ Task.swift,\ MainTabView.swift,\ SentimentBadge.swift,\ SentimentAnalyticsView.swift,\ AccessibilityEnhancements.swift,\ CloudKitMigrationHelper.swift,\ EnhancedCloudKitManager.swift,\ EnhancedPlatformNavigation.swift,\ VisualEnhancements.swift,\ PlatformFeatures.swift,\ ModernThemes.swift,\ CalendarComponents.swift,\ CalendarGrid.swift,\ DateSectionView.swift,\ EventRowView.swift,\ GoalRowView.swift,\ TaskRowView.swift,\ NotificationExtensions.swift,\ NetworkMonitor.swift,\ ThemePreviewView.swift,\ GoalsHeaderView.swift,\ GoalsListView.swift,\ JournalDataManager.swift,\ ProgressUpdateSheet.swift,\ CalendarDataManager.swift,\ TaskDataManager.swift,\ GoalsEmptyStateView.swift,\ GoalItemView.swift,\ JournalEmptyStateView.swift,\ JournalHeaderView.swift,\ JournalListView.swift,\ JournalRow.swift,\ TaskRow.swift,\ UpcomingItemView.swift,\ TaskManagerHeaderView.swift,\ AppIntents.swift,\ RecurringTaskTemplates.swift,\ AccessControl.swift,\ BackupManager.swift,\ CalendarSyncService.swift,\ ConflictDetector.swift,\ FocusModeManager.swift,\ NetworkSecurityPolicy.swift,\ PomodoroTimer.swift,\ PriorityManager.swift,\ ProductivityAnalytics.swift,\ TagManager.swift,\ TaskDependencyService.swift,\ TaskTemplateService.swift,\ TimeBlockService.swift,\ WorkspaceManager.swift,\ DarkModeSupport.swift,\ SyncRefreshView.swift,\ AppLifecycleCoordinator.swift,\ TaskInputView.swift,\ TaskListView.swift,\ QuickStatCard.swift,\ QuickActionCard.swift,\ TaskCardView.swift,\ RecordMapper.swift,\ ConflictResolver.swift,\ CalendarSyncManager.swift,\ SDTask.swift,\ SDGoal.swift,\ LegacyDataMigrator.swift,\ SwiftDataTaskManager.swift,\ SwiftDataGoalManager.swift,\ SDTaskRow.swift,\ SDTaskListView.swift,\ SDGoalRowView.swift,\ SDTaskRowView.swift,\ GeneratedAssetSymbols.swift /Users/danielstevens/github-projects/tools-automation/PlannerApp/DataManagers/GoalDataManager.swift /Users/danielstevens/github-projects/tools-automation/PlannerApp/Views/Settings/SettingsView.swift /Users/danielstevens/github-projects/tools-automation/PlannerApp/Views/Journal/JournalView.swift /Users/danielstevens/github-projects/tools-automation/PlannerApp/Views/Calendar/CalendarView.swift /Users/danielstevens/github-projects/tools-automation/PlannerApp/DataManagers/DataManagerError.swift /Users/danielstevens/github-projects/tools-automation/PlannerApp/Views/Journal/JournalDetailView.swift /Users/danielstevens/github-projects/tools-automation/PlannerApp/MainApp/DashboardView.swift /Users/danielstevens/github-projects/tools-automation/PlannerApp/Models/JournalEntry.swift /Users/danielstevens/github-projects/tools-automation/PlannerApp/Views/Tasks/TaskManagerView.swift /Users/danielstevens/github-projects/tools-automation/PlannerApp/Utilities/AppSettingKeys.swift /Users/danielstevens/github-projects/tools-automation/PlannerApp/Styling/Theme.swift /Users/danielstevens/github-projects/tools-automation/PlannerApp/MainApp/PlannerApp.swift /Users/danielstevens/github-projects/tools-automation/PlannerApp/Views/Calendar/AddCalendarEventView.swift /Users/danielstevens/github-projects/tools-automation/PlannerApp/Views/Goals/AddGoalView.swift /Users/danielstevens/github-projects/tools-automation/PlannerApp/Components/PlatformAdaptiveNavigation.swift /Users/danielstevens/github-projects/tools-automation/PlannerApp/CloudKit/CloudKitEnhancements.swift /Users/danielstevens/github-projects/tools-automation/PlannerApp/CloudKit/CloudKitSyncView.swift /Users/danielstevens/github-projects/tools-automation/PlannerApp/CloudKit/CloudKitManager.swift /Users/danielstevens/github-projects/tools-automation/PlannerApp/CloudKit/CloudKitOnboardingView.swift /Users/danielstevens/github-projects/tools-automation/PlannerApp/Components/SyncStatusView.swift /Users/danielstevens/github-projects/tools-automation/PlannerApp/Components/iOSAdaptivePopups.swift /Users/danielstevens/github-projects/tools-automation/PlannerApp/Components/ModernCard.swift /Users/danielstevens/github-projects/tools-automation/PlannerApp/ViewModels/DashboardViewModel.swift /Users/danielstevens/github-projects/tools-automation/PlannerApp/Styling/ThemeManager.swift /Users/danielstevens/github-projects/tools-automation/PlannerApp/Models/Goal.swift /Users/danielstevens/github-projects/tools-automation/PlannerApp/Models/CalendarEvent.swift /Users/danielstevens/github-projects/tools-automation/PlannerApp/Views/Goals/GoalsView.swift /Users/danielstevens/github-projects/tools-automation/PlannerApp/Views/Journal/AddJournalEntryView.swift /Users/danielstevens/github-projects/tools-automation/PlannerApp/Models/Task.swift /Users/danielstevens/github-projects/tools-automation/PlannerApp/MainApp/MainTabView.swift /Users/danielstevens/github-projects/tools-automation/PlannerApp/Components/SentimentBadge.swift /Users/danielstevens/github-projects/tools-automation/PlannerApp/Views/Journal/SentimentAnalyticsView.swift /Users/danielstevens/github-projects/tools-automation/PlannerApp/Accessibility/AccessibilityEnhancements.swift /Users/danielstevens/github-projects/tools-automation/PlannerApp/CloudKit/CloudKitMigrationHelper.swift /Users/danielstevens/github-projects/tools-automation/PlannerApp/CloudKit/EnhancedCloudKitManager.swift /Users/danielstevens/github-projects/tools-automation/PlannerApp/Components/EnhancedPlatformNavigation.swift /Users/danielstevens/github-projects/tools-automation/PlannerApp/Components/VisualEnhancements.swift /Users/danielstevens/github-projects/tools-automation/PlannerApp/Platform/PlatformFeatures.swift /Users/danielstevens/github-projects/tools-automation/PlannerApp/Styling/ModernThemes.swift /Users/danielstevens/github-projects/tools-automation/PlannerApp/Views/Calendar/CalendarComponents.swift /Users/danielstevens/github-projects/tools-automation/PlannerApp/Views/Calendar/CalendarGrid.swift /Users/danielstevens/github-projects/tools-automation/PlannerApp/Views/Calendar/DateSectionView.swift /Users/danielstevens/github-projects/tools-automation/PlannerApp/Views/Calendar/EventRowView.swift /Users/danielstevens/github-projects/tools-automation/PlannerApp/Views/Calendar/GoalRowView.swift /Users/danielstevens/github-projects/tools-automation/PlannerApp/Views/Calendar/TaskRowView.swift /Users/danielstevens/github-projects/tools-automation/PlannerApp/Utilities/NotificationExtensions.swift /Users/danielstevens/github-projects/tools-automation/PlannerApp/Utilities/NetworkMonitor.swift /Users/danielstevens/github-projects/tools-automation/PlannerApp/Views/Settings/ThemePreviewView.swift /Users/danielstevens/github-projects/tools-automation/PlannerApp/Components/Goals/GoalsHeaderView.swift /Users/danielstevens/github-projects/tools-automation/PlannerApp/Components/Goals/GoalsListView.swift /Users/danielstevens/github-projects/tools-automation/PlannerApp/DataManagers/JournalDataManager.swift /Users/danielstevens/github-projects/tools-automation/PlannerApp/Components/Goals/ProgressUpdateSheet.swift /Users/danielstevens/github-projects/tools-automation/PlannerApp/DataManagers/CalendarDataManager.swift /Users/danielstevens/github-projects/tools-automation/PlannerApp/DataManagers/TaskDataManager.swift /Users/danielstevens/github-projects/tools-automation/PlannerApp/Components/Goals/GoalsEmptyStateView.swift /Users/danielstevens/github-projects/tools-automation/PlannerApp/Components/Goals/GoalItemView.swift /Users/danielstevens/github-projects/tools-automation/PlannerApp/Components/Journal/JournalEmptyStateView.swift /Users/danielstevens/github-projects/tools-automation/PlannerApp/Components/Journal/JournalHeaderView.swift /Users/danielstevens/github-projects/tools-automation/PlannerApp/Components/Journal/JournalListView.swift /Users/danielstevens/github-projects/tools-automation/PlannerApp/Components/Journal/JournalRow.swift /Users/danielstevens/github-projects/tools-automation/PlannerApp/Components/Tasks/TaskRow.swift /Users/danielstevens/github-projects/tools-automation/PlannerApp/Components/Dashboard/UpcomingItemView.swift /Users/danielstevens/github-projects/tools-automation/PlannerApp/Components/Tasks/TaskManagerHeaderView.swift /Users/danielstevens/github-projects/tools-automation/PlannerApp/PlannerApp/Intents/AppIntents.swift /Users/danielstevens/github-projects/tools-automation/PlannerApp/PlannerApp/Models/RecurringTaskTemplates.swift /Users/danielstevens/github-projects/tools-automation/PlannerApp/PlannerApp/Services/AccessControl.swift /Users/danielstevens/github-projects/tools-automation/PlannerApp/PlannerApp/Services/BackupManager.swift /Users/danielstevens/github-projects/tools-automation/PlannerApp/PlannerApp/Services/CalendarSyncService.swift /Users/danielstevens/github-projects/tools-automation/PlannerApp/PlannerApp/Services/ConflictDetector.swift /Users/danielstevens/github-projects/tools-automation/PlannerApp/PlannerApp/Services/FocusModeManager.swift /Users/danielstevens/github-projects/tools-automation/PlannerApp/PlannerApp/Services/NetworkSecurityPolicy.swift /Users/danielstevens/github-projects/tools-automation/PlannerApp/PlannerApp/Services/PomodoroTimer.swift /Users/danielstevens/github-projects/tools-automation/PlannerApp/PlannerApp/Services/PriorityManager.swift /Users/danielstevens/github-projects/tools-automation/PlannerApp/PlannerApp/Services/ProductivityAnalytics.swift /Users/danielstevens/github-projects/tools-automation/PlannerApp/PlannerApp/Services/TagManager.swift /Users/danielstevens/github-projects/tools-automation/PlannerApp/PlannerApp/Services/TaskDependencyService.swift /Users/danielstevens/github-projects/tools-automation/PlannerApp/PlannerApp/Services/TaskTemplateService.swift /Users/danielstevens/github-projects/tools-automation/PlannerApp/PlannerApp/Services/TimeBlockService.swift /Users/danielstevens/github-projects/tools-automation/PlannerApp/PlannerApp/Services/WorkspaceManager.swift /Users/danielstevens/github-projects/tools-automation/PlannerApp/PlannerApp/Utilities/DarkModeSupport.swift /Users/danielstevens/github-projects/tools-automation/PlannerApp/PlannerApp/Views/Common/SyncRefreshView.swift /Users/danielstevens/github-projects/tools-automation/PlannerApp/PlannerApp/AppLifecycleCoordinator.swift /Users/danielstevens/github-projects/tools-automation/PlannerApp/Views/Tasks/TaskInputView.swift /Users/danielstevens/github-projects/tools-automation/PlannerApp/Components/Tasks/TaskListView.swift /Users/danielstevens/github-projects/tools-automation/PlannerApp/Components/Dashboard/QuickStatCard.swift /Users/danielstevens/github-projects/tools-automation/PlannerApp/Components/Dashboard/QuickActionCard.swift /Users/danielstevens/github-projects/tools-automation/PlannerApp/Views/Tasks/TaskCardView.swift /Users/danielstevens/github-projects/tools-automation/PlannerApp/CloudKit/Mappers/RecordMapper.swift /Users/danielstevens/github-projects/tools-automation/PlannerApp/CloudKit/ConflictResolver.swift /Users/danielstevens/github-projects/tools-automation/PlannerApp/Sync/CalendarSyncManager.swift /Users/danielstevens/github-projects/tools-automation/PlannerApp/Models/SDTask.swift /Users/danielstevens/github-projects/tools-automation/PlannerApp/Models/SDGoal.swift /Users/danielstevens/github-projects/tools-automation/PlannerApp/Utilities/LegacyDataMigrator.swift /Users/danielstevens/github-projects/tools-automation/PlannerApp/DataManagers/SwiftDataTaskManager.swift /Users/danielstevens/github-projects/tools-automation/PlannerApp/DataManagers/SwiftDataGoalManager.swift /Users/danielstevens/github-projects/tools-automation/PlannerApp/Components/Tasks/SDTaskRow.swift /Users/danielstevens/github-projects/tools-automation/PlannerApp/Components/Tasks/SDTaskListView.swift /Users/danielstevens/github-projects/tools-automation/PlannerApp/Views/Calendar/SDGoalRowView.swift /Users/danielstevens/github-projects/tools-automation/PlannerApp/Views/Calendar/SDTaskRowView.swift /Users/danielstevens/Library/Developer/Xcode/DerivedData/PlannerApp-gchxksaawkyzgwdajloyqsapshop/Build/Intermediates.noindex/PlannerApp.build/Release-iphonesimulator/PlannerApp.build/DerivedSources/GeneratedAssetSymbols.swift /Applications/Xcode.app/Contents/Developer/Toolchains/XcodeDefault.xctoolchain/usr/lib/swift/iphonesimulator/prebuilt-modules/26.2/CoreGraphics.swiftmodule/arm64-apple-ios-simulator.swiftmodule /Applications/Xcode.app/Contents/Developer/Toolchains/XcodeDefault.xctoolchain/usr/lib/swift/iphonesimulator/prebuilt-modules/26.2/EventKit.swiftmodule/arm64-apple-ios-simulator.swiftmodule /Applications/Xcode.app/Contents/Developer/Toolchains/XcodeDefault.xctoolchain/usr/lib/swift/iphonesimulator/prebuilt-modules/26.2/DeveloperToolsSupport.swiftmodule/arm64-apple-ios-simulator.swiftmodule /Applications/Xcode.app/Contents/Developer/Toolchains/XcodeDefault.xctoolchain/usr/lib/swift/iphonesimulator/prebuilt-modules/26.2/Symbols.swiftmodule/arm64-apple-ios-simulator.swiftmodule /Applications/Xcode.app/Contents/Developer/Toolchains/XcodeDefault.xctoolchain/usr/lib/swift/iphonesimulator/prebuilt-modules/26.2/CoreVideo.swiftmodule/arm64-apple-ios-simulator.swiftmodule /Applications/Xcode.app/Contents/Developer/Toolchains/XcodeDefault.xctoolchain/usr/lib/swift/iphonesimulator/prebuilt-modules/26.2/CoreFoundation.swiftmodule/arm64-apple-ios-simulator.swiftmodule /Applications/Xcode.app/Contents/Developer/Toolchains/XcodeDefault.xctoolchain/usr/lib/swift/iphonesimulator/prebuilt-modules/26.2/Observation.swiftmodule/arm64-apple-ios-simulator.swiftmodule /Applications/Xcode.app/Contents/Developer/Toolchains/XcodeDefault.xctoolchain/usr/lib/swift/iphonesimulator/prebuilt-modules/26.2/CoreData.swiftmodule/arm64-apple-ios-simulator.swiftmodule /Applications/Xcode.app/Contents/Developer/Toolchains/XcodeDefault.xctoolchain/usr/lib/swift/iphonesimulator/prebuilt-modules/26.2/LocalAuthentication.swiftmodule/arm64-apple-ios-simulator.swiftmodule /Applications/Xcode.app/Contents/Developer/Toolchains/XcodeDefault.xctoolchain/usr/lib/swift/iphonesimulator/prebuilt-modules/26.2/_DarwinFoundation2.swiftmodule/arm64-apple-ios-simulator.swiftmodule /Applications/Xcode.app/Contents/Developer/Toolchains/XcodeDefault.xctoolchain/usr/lib/swift/iphonesimulator/prebuilt-modules/26.2/Accessibility.swiftmodule/arm64-apple-ios-simulator.swiftmodule /Applications/Xcode.app/Contents/Developer/Toolchains/XcodeDefault.xctoolchain/usr/lib/swift/iphonesimulator/prebuilt-modules/26.2/QuartzCore.swiftmodule/arm64-apple-ios-simulator.swiftmodule /Applications/Xcode.app/Contents/Developer/Toolchains/XcodeDefault.xctoolchain/usr/lib/swift/iphonesimulator/prebuilt-modules/26.2/Metal.swiftmodule/arm64-apple-ios-simulator.swiftmodule /Applications/Xcode.app/Contents/Developer/Toolchains/XcodeDefault.xctoolchain/usr/lib/swift/iphonesimulator/prebuilt-modules/26.2/XPC.swiftmodule/arm64-apple-ios-simulator.swiftmodule /Applications/Xcode.app/Contents/Developer/Toolchains/XcodeDefault.xctoolchain/usr/lib/swift/iphonesimulator/prebuilt-modules/26.2/_Builtin_float.swiftmodule/arm64-apple-ios-simulator.swiftmodule /Applications/Xcode.app/Contents/Developer/Toolchains/XcodeDefault.xctoolchain/usr/lib/swift/iphonesimulator/prebuilt-modules/26.2/UIKit.swiftmodule/arm64-apple-ios-simulator.swiftmodule /Applications/Xcode.app/Contents/Developer/Toolchains/XcodeDefault.xctoolchain/usr/lib/swift/iphonesimulator/prebuilt-modules/26.2/ObjectiveC.swiftmodule/arm64-apple-ios-simulator.swiftmodule /Applications/Xcode.app/Contents/Developer/Toolchains/XcodeDefault.xctoolchain/usr/lib/swift/iphonesimulator/prebuilt-modules/26.2/_StringProcessing.swiftmodule/arm64-apple-ios-simulator.swiftmodule /Applications/Xcode.app/Contents/Developer/Toolchains/XcodeDefault.xctoolchain/usr/lib/swift/iphonesimulator/prebuilt-modules/26.2/_DarwinFoundation1.swiftmodule/arm64-apple-ios-simulator.swiftmodule /Applications/Xcode.app/Contents/Developer/Toolchains/XcodeDefault.xctoolchain/usr/lib/swift/iphonesimulator/prebuilt-modules/26.2/simd.swiftmodule/arm64-apple-ios-simulator.swiftmodule /Applications/Xcode.app/Contents/Developer/Toolchains/XcodeDefault.xctoolchain/usr/lib/swift/iphonesimulator/prebuilt-modules/26.2/_SwiftData_SwiftUI.swiftmodule/arm64-apple-ios-simulator.swiftmodule /Applications/Xcode.app/Contents/Developer/Toolchains/XcodeDefault.xctoolchain/usr/lib/swift/iphonesimulator/prebuilt-modules/26.2/_Concurrency.swiftmodule/arm64-apple-ios-simulator.swiftmodule /Applications/Xcode.app/Contents/Developer/Toolchains/XcodeDefault.xctoolchain/usr/lib/swift/iphonesimulator/prebuilt-modules/26.2/SwiftData.swiftmodule/arm64-apple-ios-simulator.swiftmodule /Applications/Xcode.app/Contents/Developer/Toolchains/XcodeDefault.xctoolchain/usr/lib/swift/iphonesimulator/prebuilt-modules/26.2/System.swiftmodule/arm64-apple-ios-simulator.swiftmodule /Applications/Xcode.app/Contents/Developer/Toolchains/XcodeDefault.xctoolchain/usr/lib/swift/iphonesimulator/prebuilt-modules/26.2/SwiftUI.swiftmodule/arm64-apple-ios-simulator.swiftmodule /Applications/Xcode.app/Contents/Developer/Toolchains/XcodeDefault.xctoolchain/usr/lib/swift/iphonesimulator/prebuilt-modules/26.2/Charts.swiftmodule/arm64-apple-ios-simulator.swiftmodule /Applications/Xcode.app/Contents/Developer/Toolchains/XcodeDefault.xctoolchain/usr/lib/swift/iphonesimulator/prebuilt-modules/26.2/CoreLocation.swiftmodule/arm64-apple-ios-simulator.swiftmodule /Applications/Xcode.app/Contents/Developer/Toolchains/XcodeDefault.xctoolchain/usr/lib/swift/iphonesimulator/prebuilt-modules/26.2/_AppIntents_SwiftUI.swiftmodule/arm64-apple-ios-simulator.swiftmodule /Applications/Xcode.app/Contents/Developer/Toolchains/XcodeDefault.xctoolchain/usr/lib/swift/iphonesimulator/prebuilt-modules/26.2/CoreImage.swiftmodule/arm64-apple-ios-simulator.swiftmodule /Applications/Xcode.app/Contents/Developer/Toolchains/XcodeDefault.xctoolchain/usr/lib/swift/iphonesimulator/prebuilt-modules/26.2/Spatial.swiftmodule/arm64-apple-ios-simulator.swiftmodule /Applications/Xcode.app/Contents/Developer/Toolchains/XcodeDefault.xctoolchain/usr/lib/swift/iphonesimulator/prebuilt-modules/26.2/ExtensionFoundation.swiftmodule/arm64-apple-ios-simulator.swiftmodule /Applications/Xcode.app/Contents/Developer/Toolchains/XcodeDefault.xctoolchain/usr/lib/swift/iphonesimulator/prebuilt-modules/26.2/Intents.swiftmodule/arm64-apple-ios-simulator.swiftmodule /Applications/Xcode.app/Contents/Developer/Toolchains/XcodeDefault.xctoolchain/usr/lib/swift/iphonesimulator/prebuilt-modules/26.2/SwiftOnoneSupport.swiftmodule/arm64-apple-ios-simulator.swiftmodule /Applications/Xcode.app/Contents/Developer/Toolchains/XcodeDefault.xctoolchain/usr/lib/swift/iphonesimulator/prebuilt-modules/26.2/HealthKit.swiftmodule/arm64-apple-ios-simulator.swiftmodule /Applications/Xcode.app/Contents/Developer/Toolchains/XcodeDefault.xctoolchain/usr/lib/swift/iphonesimulator/prebuilt-modules/26.2/Darwin.swiftmodule/arm64-apple-ios-simulator.swiftmodule /Applications/Xcode.app/Contents/Developer/Toolchains/XcodeDefault.xctoolchain/usr/lib/swift/iphonesimulator/prebuilt-modules/26.2/Dispatch.swiftmodule/arm64-apple-ios-simulator.swiftmodule /Applications/Xcode.app/Contents/Developer/Toolchains/XcodeDefault.xctoolchain/usr/lib/swift/iphonesimulator/prebuilt-modules/26.2/Network.swiftmodule/arm64-apple-ios-simulator.swiftmodule /Applications/Xcode.app/Contents/Developer/Toolchains/XcodeDefault.xctoolchain/usr/lib/swift/iphonesimulator/prebuilt-modules/26.2/Swift.swiftmodule/arm64-apple-ios-simulator.swiftmodule /Applications/Xcode.app/Contents/Developer/Toolchains/XcodeDefault.xctoolchain/usr/lib/swift/iphonesimulator/prebuilt-modules/26.2/CoreText.swiftmodule/arm64-apple-ios-simulator.swiftmodule /Applications/Xcode.app/Contents/Developer/Toolchains/XcodeDefault.xctoolchain/usr/lib/swift/iphonesimulator/prebuilt-modules/26.2/SwiftUICore.swiftmodule/arm64-apple-ios-simulator.swiftmodule /Applications/Xcode.app/Contents/Developer/Toolchains/XcodeDefault.xctoolchain/usr/lib/swift/iphonesimulator/prebuilt-modules/26.2/AppIntents.swiftmodule/arm64-apple-ios-simulator.swiftmodule /Applications/Xcode.app/Contents/Developer/Toolchains/XcodeDefault.xctoolchain/usr/lib/swift/iphonesimulator/prebuilt-modules/26.2/CloudKit.swiftmodule/arm64-apple-ios-simulator.swiftmodule /Applications/Xcode.app/Contents/Developer/Toolchains/XcodeDefault.xctoolchain/usr/lib/swift/iphonesimulator/prebuilt-modules/26.2/Combine.swiftmodule/arm64-apple-ios-simulator.swiftmodule /Applications/Xcode.app/Contents/Developer/Toolchains/XcodeDefault.xctoolchain/usr/lib/swift/iphonesimulator/prebuilt-modules/26.2/Distributed.swiftmodule/arm64-apple-ios-simulator.swiftmodule /Applications/Xcode.app/Contents/Developer/Toolchains/XcodeDefault.xctoolchain/usr/lib/swift/iphonesimulator/prebuilt-modules/26.2/FileProvider.swiftmodule/arm64-apple-ios-simulator.swiftmodule /Applications/Xcode.app/Contents/Developer/Toolchains/XcodeDefault.xctoolchain/usr/lib/swift/iphonesimulator/prebuilt-modules/26.2/Foundation.swiftmodule/arm64-apple-ios-simulator.swiftmodule /Applications/Xcode.app/Contents/Developer/Toolchains/XcodeDefault.xctoolchain/usr/lib/swift/iphonesimulator/prebuilt-modules/26.2/WidgetKit.swiftmodule/arm64-apple-ios-simulator.swiftmodule /Applications/Xcode.app/Contents/Developer/Toolchains/XcodeDefault.xctoolchain/usr/lib/swift/iphonesimulator/prebuilt-modules/26.2/CoreTransferable.swiftmodule/arm64-apple-ios-simulator.swiftmodule /Applications/Xcode.app/Contents/Developer/Toolchains/XcodeDefault.xctoolchain/usr/lib/swift/iphonesimulator/prebuilt-modules/26.2/ActivityKit.swiftmodule/arm64-apple-ios-simulator.swiftmodule /Applications/Xcode.app/Contents/Developer/Toolchains/XcodeDefault.xctoolchain/usr/lib/swift/iphonesimulator/prebuilt-modules/26.2/_DarwinFoundation3.swiftmodule/arm64-apple-ios-simulator.swiftmodule /Applications/Xcode.app/Contents/Developer/Toolchains/XcodeDefault.xctoolchain/usr/lib/swift/iphonesimulator/prebuilt-modules/26.2/os.swiftmodule/arm64-apple-ios-simulator.swiftmodule /Applications/Xcode.app/Contents/Developer/Toolchains/XcodeDefault.xctoolchain/usr/lib/swift/iphonesimulator/prebuilt-modules/26.2/DataDetection.swiftmodule/arm64-apple-ios-simulator.swiftmodule /Applications/Xcode.app/Contents/Developer/Toolchains/XcodeDefault.xctoolchain/usr/lib/swift/iphonesimulator/prebuilt-modules/26.2/RelevanceKit.swiftmodule/arm64-apple-ios-simulator.swiftmodule /Applications/Xcode.app/Contents/Developer/Toolchains/XcodeDefault.xctoolchain/usr/lib/swift/iphonesimulator/prebuilt-modules/26.2/CoreSpotlight.swiftmodule/arm64-apple-ios-simulator.swiftmodule /Applications/Xcode.app/Contents/Developer/Toolchains/XcodeDefault.xctoolchain/usr/lib/swift/iphonesimulator/prebuilt-modules/26.2/UniformTypeIdentifiers.swiftmodule/arm64-apple-ios-simulator.swiftmodule /Applications/Xcode.app/Contents/Developer/Toolchains/XcodeDefault.xctoolchain/usr/lib/swift/iphonesimulator/prebuilt-modules/26.2/OSLog.swiftmodule/arm64-apple-ios-simulator.swiftmodule /Users/danielstevens/Library/Developer/Xcode/DerivedData/ModuleCache.noindex/SwiftUICore-2NXKJFYDRK4SOO41Y1PTLNBD8.pcm /Users/danielstevens/Library/Developer/Xcode/DerivedData/ModuleCache.noindex/CoreGraphics-6STUQ1DHEX676IUME3ZMV237Q.pcm /Users/danielstevens/Library/Developer/Xcode/DerivedData/ModuleCache.noindex/CloudKit-99E5ZZABIY7DB0G5MIK305MIU.pcm /Users/danielstevens/Library/Developer/Xcode/DerivedData/ModuleCache.noindex/ExtensionFoundation-9PGBV92OUZC9U8NE1KRXNXQDF.pcm /Users/danielstevens/Library/Developer/Xcode/DerivedData/ModuleCache.noindex/DataDetection-9UPQAPTXZB08PHIWGDEPEYKP6.pcm /Users/danielstevens/Library/Developer/Xcode/DerivedData/ModuleCache.noindex/AddressBook-CTJ15EOW2T5GEOIT2V8SHO1GN.pcm /Users/danielstevens/Library/Developer/Xcode/DerivedData/ModuleCache.noindex/SwiftShims-3YUHPRMPN08PWBKR5A2MHFRI5.pcm /Users/danielstevens/Library/Developer/Xcode/DerivedData/ModuleCache.noindex/ptrauth-EMJA0CR4UGTBK7D3XZ4L49ULV.pcm /Users/danielstevens/Library/Developer/Xcode/DerivedData/ModuleCache.noindex/CoreVideo-39TUMDFBNN0SZYHIXKKHCI1OB.pcm /Users/danielstevens/Library/Developer/Xcode/DerivedData/ModuleCache.noindex/EventKit-A3GU257S417DUQ9RBPKABMID6.pcm /Users/danielstevens/Library/Developer/Xcode/DerivedData/ModuleCache.noindex/Intents-6PFET92R9E9K99SS5X25V72CF.pcm /Users/danielstevens/Library/Developer/Xcode/DerivedData/ModuleCache.noindex/_Builtin_stdarg-21B3JQ0OT2BEKHRNYUEK1AO6M.pcm /Users/danielstevens/Library/Developer/Xcode/DerivedData/ModuleCache.noindex/_Builtin_stdbool-86GZQVOC072RVC9ARACTQLRGS.pcm /Users/danielstevens/Library/Developer/Xcode/DerivedData/ModuleCache.noindex/Darwin-E47K33LPGW2T5EPM2NW8QNEZ2.pcm /Users/danielstevens/Library/Developer/Xcode/DerivedData/ModuleCache.noindex/WidgetKit-9ENH9AWFJT3CFH3Z6FR9SRAFG.pcm /Users/danielstevens/Library/Developer/Xcode/DerivedData/ModuleCache.noindex/simd-AQNBUWBAQZVUB30Y9MBZD7ODT.pcm /Users/danielstevens/Library/Developer/Xcode/DerivedData/ModuleCache.noindex/_SwiftConcurrencyShims-7FTG4IMS9BYNZ59WRTEIWYFIS.pcm /Users/danielstevens/Library/Developer/Xcode/DerivedData/ModuleCache.noindex/Accessibility-6N69U0OT53NMOPA4DWO2801LY.pcm /Users/danielstevens/Library/Developer/Xcode/DerivedData/ModuleCache.noindex/MachO-N183ZIHH45GVCCPKXAA6PD1B.pcm /Users/danielstevens/Library/Developer/Xcode/DerivedData/ModuleCache.noindex/dnssd-E3U4EINR5XTNRFEH2ZRKKOWDQ.pcm /Users/danielstevens/Library/Developer/Xcode/DerivedData/ModuleCache.noindex/DeveloperToolsSupport-UGVZQIK8OEJVDFCB9SL5UBPZ.pcm /Users/danielstevens/Library/Developer/Xcode/DerivedData/ModuleCache.noindex/UniformTypeIdentifiers-TC7477H2GXUTQX3XTZAGALG9.pcm /Users/danielstevens/Library/Developer/Xcode/DerivedData/ModuleCache.noindex/_DarwinFoundation2-3IZG8R8GL1SL2DE2V8XK6FYRN.pcm /Users/danielstevens/Library/Developer/Xcode/DerivedData/ModuleCache.noindex/sys_types-DXMX6FN4C4H3MKHKOYWUN2XS.pcm /Users/danielstevens/Library/Developer/Xcode/DerivedData/ModuleCache.noindex/_Builtin_intrinsics-3E2YNRQGWUHWQTYMHIJWT3VNM.pcm /Users/danielstevens/Library/Developer/Xcode/DerivedData/ModuleCache.noindex/Security-BLWQP0Z6WAEJEFAM7FMLQRE97.pcm /Users/danielstevens/Library/Developer/Xcode/DerivedData/ModuleCache.noindex/OpenGLES-9ADV7O82AMY0PTV3K2MNW7D02.pcm /Users/danielstevens/Library/Developer/Xcode/DerivedData/ModuleCache.noindex/ObjectiveC-92SFLPVKZ3IGQPH7DY4DXLDT.pcm /Users/danielstevens/Library/Developer/Xcode/DerivedData/ModuleCache.noindex/CoreText-85ADAIN01EAHA0ILIMDLYSN9T.pcm /Users/danielstevens/Library/Developer/Xcode/DerivedData/ModuleCache.noindex/SwiftUI-9ZOJK5B7E9C48W0LVC732XZTI.pcm /Users/danielstevens/Library/Developer/Xcode/DerivedData/ModuleCache.noindex/_Builtin_inttypes-12G0EGQRF4BK11ZIN31OP6S9.pcm /Users/danielstevens/Library/Developer/Xcode/DerivedData/ModuleCache.noindex/_Builtin_limits-AWXJ3EOWZER2P2OQ8TDD2N3UB.pcm /Users/danielstevens/Library/Developer/Xcode/DerivedData/ModuleCache.noindex/Spatial-5ZH3B8HOCAOHXFFAKK4UILMBG.pcm /Users/danielstevens/Library/Developer/Xcode/DerivedData/ModuleCache.noindex/Metal-ABVTFTFBPP4JK1MGNKNK9GRZI.pcm /Users/danielstevens/Library/Developer/Xcode/DerivedData/ModuleCache.noindex/_Builtin_float-9V2YOBEYMUFN6U5Y7NI58OES7.pcm /Users/danielstevens/Library/Developer/Xcode/DerivedData/ModuleCache.noindex/_Builtin_stdint-D4SYL5UQJ3HWHB5I1TXOGISPK.pcm /Users/danielstevens/Library/Developer/Xcode/DerivedData/ModuleCache.noindex/UserNotifications-8C6MOPC9EPJE9K6OXZ6JC4R1V.pcm /Users/danielstevens/Library/Developer/Xcode/DerivedData/ModuleCache.noindex/Dispatch-C95ZERX0GXKN8UFSKX9MC51F5.pcm /Users/danielstevens/Library/Developer/Xcode/DerivedData/ModuleCache.noindex/XPC-3TVRT8RZK1NKVFT3JI12ZRWM6.pcm /Users/danielstevens/Library/Developer/Xcode/DerivedData/ModuleCache.noindex/_Builtin_stdatomic-6ZL7YL300P7TRKCQEH99SIMIY.pcm /Users/danielstevens/Library/Developer/Xcode/DerivedData/ModuleCache.noindex/CoreTransferable-6QXPNH5DKMQYYFJW7NM3OMMGB.pcm /Users/danielstevens/Library/Developer/Xcode/DerivedData/ModuleCache.noindex/UIKit-AN0WW9RAXIOUKQ16JAO3EPHYK.pcm /Users/danielstevens/Library/Developer/Xcode/DerivedData/ModuleCache.noindex/CoreData-9IY76KGIWDZSP481QMBIKBWMN.pcm /Users/danielstevens/Library/Developer/Xcode/DerivedData/ModuleCache.noindex/os_workgroup-9DDDEKQJV9JEVQV8H1HE3JM50.pcm /Users/danielstevens/Library/Developer/Xcode/DerivedData/ModuleCache.noindex/HealthKit-CPGVW3E4WGTLL6O73HIFQ8UMK.pcm /Users/danielstevens/Library/Developer/Xcode/DerivedData/ModuleCache.noindex/RelevanceKit-A5OY8F3KLRI6UTQN081VBHNBC.pcm /Users/danielstevens/Library/Developer/Xcode/DerivedData/ModuleCache.noindex/QuartzCore-BFVFJZBNKHWK3YAVD9BIMHZE0.pcm /Users/danielstevens/Library/Developer/Xcode/DerivedData/ModuleCache.noindex/os_object-5FIGAB5YRHKU307PVSN8NVUQZ.pcm /Users/danielstevens/Library/Developer/Xcode/DerivedData/ModuleCache.noindex/UIUtilities-3NBTEKS9452TAAYAQM2XAOGZF.pcm /Users/danielstevens/Library/Developer/Xcode/DerivedData/ModuleCache.noindex/os-EEEEU6BG742WHZ0RLA3CY8VDN.pcm /Users/danielstevens/Library/Developer/Xcode/DerivedData/ModuleCache.noindex/Symbols-9RHOJISWL2TCXULFSIEP3VZS9.pcm /Users/danielstevens/Library/Developer/Xcode/DerivedData/ModuleCache.noindex/CoreFoundation-CS3OOQFNIFZ67KLTEP27Y3M2J.pcm /Users/danielstevens/Library/Developer/Xcode/DerivedData/ModuleCache.noindex/FileProvider-9XJDMNEKD2S9Z6NU1BYF2A0Z5.pcm /Users/danielstevens/Library/Developer/Xcode/DerivedData/ModuleCache.noindex/_Builtin_stddef-5QUOX0QJLL7OJWPXIQR1X55O8.pcm /Users/danielstevens/Library/Developer/Xcode/DerivedData/ModuleCache.noindex/CoreLocation-1VJBSNN196W1GSOOM6TSCFQYI.pcm /Users/danielstevens/Library/Developer/Xcode/DerivedData/ModuleCache.noindex/OSLog-8G8TS59PQSGOBBBBYD4DDG9DQ.pcm /Users/danielstevens/Library/Developer/Xcode/DerivedData/ModuleCache.noindex/CFNetwork-B85C76MUHYBOSLYOGLHPNOZ90.pcm /Users/danielstevens/Library/Developer/Xcode/DerivedData/ModuleCache.noindex/_DarwinFoundation1-597Q1MSG97G9RNX8A5ELN66YF.pcm /Users/danielstevens/Library/Developer/Xcode/DerivedData/ModuleCache.noindex/ptrcheck-EBJL40PPKMAJ66EM3AZXKG0R8.pcm /Users/danielstevens/Library/Developer/Xcode/DerivedData/ModuleCache.noindex/_LocationEssentials-BGR281801P7NIU7YXIGCJBW19.pcm /Users/danielstevens/Library/Developer/Xcode/DerivedData/ModuleCache.noindex/ActivityKit-EXFBV6763BYSSKVL08I01BE4K.pcm /Users/danielstevens/Library/Developer/Xcode/DerivedData/ModuleCache.noindex/ImageIO-9DM3UY026UOVP7JT0AS94X32M.pcm /Users/danielstevens/Library/Developer/Xcode/DerivedData/ModuleCache.noindex/_DarwinFoundation3-ECPBVIKDXP8Z30IJW8BDAQNN7.pcm /Users/danielstevens/Library/Developer/Xcode/DerivedData/ModuleCache.noindex/_Builtin_tgmath-34YTATW2CQKIDXCUA5CKRP8XM.pcm /Users/danielstevens/Library/Developer/Xcode/DerivedData/ModuleCache.noindex/_AvailabilityInternal-8AO5KVE4JFM9INRQXNV0A18LW.pcm /Users/danielstevens/Library/Developer/Xcode/DerivedData/ModuleCache.noindex/Network-A9UMRDB6RSERI2C8BWT27M8UK.pcm /Users/danielstevens/Library/Developer/Xcode/DerivedData/ModuleCache.noindex/IOSurface-DHW66SDXM3MTMHGIYJAU9F1CX.pcm /Users/danielstevens/Library/Developer/Xcode/DerivedData/ModuleCache.noindex/LocalAuthentication-8Z36X5CZSZJWBH7YRBVU2SN5C.pcm /Users/danielstevens/Library/Developer/Xcode/DerivedData/ModuleCache.noindex/AppIntents-4Y6JHTHG6EGDJQXPVSNXRSH4V.pcm /Users/danielstevens/Library/Developer/Xcode/DerivedData/ModuleCache.noindex/CoreSpotlight-6TC2B5CZ4PQDOVOPODIG8DET1.pcm /Users/danielstevens/Library/Developer/Xcode/DerivedData/ModuleCache.noindex/CoreImage-4GRASPXGANG1F2K2MQ5UVFVER.pcm /Users/danielstevens/Library/Developer/Xcode/DerivedData/ModuleCache.noindex/Foundation-368DSKVTF6VEFSXWVF0ERTFW7.pcm /Users/danielstevens/Library/Developer/Xcode/DerivedData/PlannerApp-gchxksaawkyzgwdajloyqsapshop/Build/Intermediates.noindex/PlannerApp.build/Release-iphonesimulator/PlannerApp.build/Objects-normal/arm64/PlannerApp-dependencies-1.json (in target 'PlannerApp' from project 'PlannerApp')

CompileSwift normal arm64 (in target 'PlannerApp' from project 'PlannerApp')
    cd /Users/danielstevens/github-projects/tools-automation/PlannerApp
    
/Users/danielstevens/github-projects/tools-automation/PlannerApp/MainApp/DashboardView.swift:42:41: error: cannot pass function of type '() async -> TupleView<(some View, some View, some View?, some View, some View, some View, some View)>' to parameter expecting synchronous function type
                LazyVStack(spacing: 20) {
                                        ^
/Users/danielstevens/github-projects/tools-automation/PlannerApp/MainApp/DashboardView.swift:120:24: note: 'async' inferred from asynchronous operation used here
                    if await self.isHealthKitEnabled() {
                       ^
/Users/danielstevens/github-projects/tools-automation/PlannerApp/MainApp/DashboardView.swift:412:31: error: cannot find 'PlatformFeatureRegistry' in scope
            let flags = await PlatformFeatureRegistry.shared.flags(for: .iOS)
                              ^~~~~~~~~~~~~~~~~~~~~~~
/Users/danielstevens/github-projects/tools-automation/PlannerApp/MainApp/DashboardView.swift:412:74: error: cannot infer contextual base in reference to member 'iOS'
            let flags = await PlatformFeatureRegistry.shared.flags(for: .iOS)
                                                                        ~^~~
/Users/danielstevens/github-projects/tools-automation/PlannerApp/PlannerApp/Views/Common/SyncRefreshView.swift:59:120: error: extra argument 'style' in call
                Text(String(format: NSLocalizedString("last_synced", comment: "Last sync time display"), date, style: .relative))
                           ~~~~~~~~~~~~~~~~~~~~~~~~~~~~~~~~~~~~~~~~~~~~~~~~~~~~~~~~~~~~~~~~~~~~~~~~~~~~~~~~~~~~~~~~~~~~^~~~~~~~~
/Users/danielstevens/github-projects/tools-automation/PlannerApp/PlannerApp/Views/Common/SyncRefreshView.swift:59:106: error: argument type 'Date' does not conform to expected type 'CVarArg'
                Text(String(format: NSLocalizedString("last_synced", comment: "Last sync time display"), date, style: .relative))
                                                                                                         ^
                                                                                                              as CVarArg
/Users/danielstevens/github-projects/tools-automation/PlannerApp/PlannerApp/Views/Common/SyncRefreshView.swift:59:120: error: cannot infer contextual base in reference to member 'relative'
                Text(String(format: NSLocalizedString("last_synced", comment: "Last sync time display"), date, style: .relative))
                                                                                                                      ~^~~~~~~~

Failed frontend command:
/Applications/Xcode.app/Contents/Developer/Toolchains/XcodeDefault.xctoolchain/usr/bin/swift-frontend -frontend -c /Users/danielstevens/github-projects/tools-automation/PlannerApp/DataManagers/GoalDataManager.swift /Users/danielstevens/github-projects/tools-automation/PlannerApp/Views/Settings/SettingsView.swift /Users/danielstevens/github-projects/tools-automation/PlannerApp/Views/Journal/JournalView.swift /Users/danielstevens/github-projects/tools-automation/PlannerApp/Views/Calendar/CalendarView.swift /Users/danielstevens/github-projects/tools-automation/PlannerApp/DataManagers/DataManagerError.swift /Users/danielstevens/github-projects/tools-automation/PlannerApp/Views/Journal/JournalDetailView.swift /Users/danielstevens/github-projects/tools-automation/PlannerApp/MainApp/DashboardView.swift /Users/danielstevens/github-projects/tools-automation/PlannerApp/Models/JournalEntry.swift /Users/danielstevens/github-projects/tools-automation/PlannerApp/Views/Tasks/TaskManagerView.swift /Users/danielstevens/github-projects/tools-automation/PlannerApp/Utilities/AppSettingKeys.swift /Users/danielstevens/github-projects/tools-automation/PlannerApp/Styling/Theme.swift /Users/danielstevens/github-projects/tools-automation/PlannerApp/MainApp/PlannerApp.swift /Users/danielstevens/github-projects/tools-automation/PlannerApp/Views/Calendar/AddCalendarEventView.swift /Users/danielstevens/github-projects/tools-automation/PlannerApp/Views/Goals/AddGoalView.swift /Users/danielstevens/github-projects/tools-automation/PlannerApp/Components/PlatformAdaptiveNavigation.swift /Users/danielstevens/github-projects/tools-automation/PlannerApp/CloudKit/CloudKitEnhancements.swift /Users/danielstevens/github-projects/tools-automation/PlannerApp/CloudKit/CloudKitSyncView.swift /Users/danielstevens/github-projects/tools-automation/PlannerApp/CloudKit/CloudKitManager.swift /Users/danielstevens/github-projects/tools-automation/PlannerApp/CloudKit/CloudKitOnboardingView.swift /Users/danielstevens/github-projects/tools-automation/PlannerApp/Components/SyncStatusView.swift /Users/danielstevens/github-projects/tools-automation/PlannerApp/Components/iOSAdaptivePopups.swift /Users/danielstevens/github-projects/tools-automation/PlannerApp/Components/ModernCard.swift /Users/danielstevens/github-projects/tools-automation/PlannerApp/ViewModels/DashboardViewModel.swift /Users/danielstevens/github-projects/tools-automation/PlannerApp/Styling/ThemeManager.swift /Users/danielstevens/github-projects/tools-automation/PlannerApp/Models/Goal.swift /Users/danielstevens/github-projects/tools-automation/PlannerApp/Models/CalendarEvent.swift /Users/danielstevens/github-projects/tools-automation/PlannerApp/Views/Goals/GoalsView.swift /Users/danielstevens/github-projects/tools-automation/PlannerApp/Views/Journal/AddJournalEntryView.swift /Users/danielstevens/github-projects/tools-automation/PlannerApp/Models/Task.swift /Users/danielstevens/github-projects/tools-automation/PlannerApp/MainApp/MainTabView.swift /Users/danielstevens/github-projects/tools-automation/PlannerApp/Components/SentimentBadge.swift /Users/danielstevens/github-projects/tools-automation/PlannerApp/Views/Journal/SentimentAnalyticsView.swift /Users/danielstevens/github-projects/tools-automation/PlannerApp/Accessibility/AccessibilityEnhancements.swift /Users/danielstevens/github-projects/tools-automation/PlannerApp/CloudKit/CloudKitMigrationHelper.swift /Users/danielstevens/github-projects/tools-automation/PlannerApp/CloudKit/EnhancedCloudKitManager.swift /Users/danielstevens/github-projects/tools-automation/PlannerApp/Components/EnhancedPlatformNavigation.swift /Users/danielstevens/github-projects/tools-automation/PlannerApp/Components/VisualEnhancements.swift /Users/danielstevens/github-projects/tools-automation/PlannerApp/Platform/PlatformFeatures.swift /Users/danielstevens/github-projects/tools-automation/PlannerApp/Styling/ModernThemes.swift /Users/danielstevens/github-projects/tools-automation/PlannerApp/Views/Calendar/CalendarComponents.swift /Users/danielstevens/github-projects/tools-automation/PlannerApp/Views/Calendar/CalendarGrid.swift /Users/danielstevens/github-projects/tools-automation/PlannerApp/Views/Calendar/DateSectionView.swift /Users/danielstevens/github-projects/tools-automation/PlannerApp/Views/Calendar/EventRowView.swift /Users/danielstevens/github-projects/tools-automation/PlannerApp/Views/Calendar/GoalRowView.swift /Users/danielstevens/github-projects/tools-automation/PlannerApp/Views/Calendar/TaskRowView.swift /Users/danielstevens/github-projects/tools-automation/PlannerApp/Utilities/NotificationExtensions.swift /Users/danielstevens/github-projects/tools-automation/PlannerApp/Utilities/NetworkMonitor.swift /Users/danielstevens/github-projects/tools-automation/PlannerApp/Views/Settings/ThemePreviewView.swift /Users/danielstevens/github-projects/tools-automation/PlannerApp/Components/Goals/GoalsHeaderView.swift /Users/danielstevens/github-projects/tools-automation/PlannerApp/Components/Goals/GoalsListView.swift /Users/danielstevens/github-projects/tools-automation/PlannerApp/DataManagers/JournalDataManager.swift /Users/danielstevens/github-projects/tools-automation/PlannerApp/Components/Goals/ProgressUpdateSheet.swift /Users/danielstevens/github-projects/tools-automation/PlannerApp/DataManagers/CalendarDataManager.swift /Users/danielstevens/github-projects/tools-automation/PlannerApp/DataManagers/TaskDataManager.swift /Users/danielstevens/github-projects/tools-automation/PlannerApp/Components/Goals/GoalsEmptyStateView.swift /Users/danielstevens/github-projects/tools-automation/PlannerApp/Components/Goals/GoalItemView.swift /Users/danielstevens/github-projects/tools-automation/PlannerApp/Components/Journal/JournalEmptyStateView.swift /Users/danielstevens/github-projects/tools-automation/PlannerApp/Components/Journal/JournalHeaderView.swift /Users/danielstevens/github-projects/tools-automation/PlannerApp/Components/Journal/JournalListView.swift /Users/danielstevens/github-projects/tools-automation/PlannerApp/Components/Journal/JournalRow.swift /Users/danielstevens/github-projects/tools-automation/PlannerApp/Components/Tasks/TaskRow.swift /Users/danielstevens/github-projects/tools-automation/PlannerApp/Components/Dashboard/UpcomingItemView.swift /Users/danielstevens/github-projects/tools-automation/PlannerApp/Components/Tasks/TaskManagerHeaderView.swift /Users/danielstevens/github-projects/tools-automation/PlannerApp/PlannerApp/Intents/AppIntents.swift /Users/danielstevens/github-projects/tools-automation/PlannerApp/PlannerApp/Models/RecurringTaskTemplates.swift /Users/danielstevens/github-projects/tools-automation/PlannerApp/PlannerApp/Services/AccessControl.swift /Users/danielstevens/github-projects/tools-automation/PlannerApp/PlannerApp/Services/BackupManager.swift /Users/danielstevens/github-projects/tools-automation/PlannerApp/PlannerApp/Services/CalendarSyncService.swift /Users/danielstevens/github-projects/tools-automation/PlannerApp/PlannerApp/Services/ConflictDetector.swift /Users/danielstevens/github-projects/tools-automation/PlannerApp/PlannerApp/Services/FocusModeManager.swift /Users/danielstevens/github-projects/tools-automation/PlannerApp/PlannerApp/Services/NetworkSecurityPolicy.swift /Users/danielstevens/github-projects/tools-automation/PlannerApp/PlannerApp/Services/PomodoroTimer.swift /Users/danielstevens/github-projects/tools-automation/PlannerApp/PlannerApp/Services/PriorityManager.swift /Users/danielstevens/github-projects/tools-automation/PlannerApp/PlannerApp/Services/ProductivityAnalytics.swift /Users/danielstevens/github-projects/tools-automation/PlannerApp/PlannerApp/Services/TagManager.swift /Users/danielstevens/github-projects/tools-automation/PlannerApp/PlannerApp/Services/TaskDependencyService.swift /Users/danielstevens/github-projects/tools-automation/PlannerApp/PlannerApp/Services/TaskTemplateService.swift /Users/danielstevens/github-projects/tools-automation/PlannerApp/PlannerApp/Services/TimeBlockService.swift /Users/danielstevens/github-projects/tools-automation/PlannerApp/PlannerApp/Services/WorkspaceManager.swift /Users/danielstevens/github-projects/tools-automation/PlannerApp/PlannerApp/Utilities/DarkModeSupport.swift /Users/danielstevens/github-projects/tools-automation/PlannerApp/PlannerApp/Views/Common/SyncRefreshView.swift /Users/danielstevens/github-projects/tools-automation/PlannerApp/PlannerApp/AppLifecycleCoordinator.swift /Users/danielstevens/github-projects/tools-automation/PlannerApp/Views/Tasks/TaskInputView.swift /Users/danielstevens/github-projects/tools-automation/PlannerApp/Components/Tasks/TaskListView.swift /Users/danielstevens/github-projects/tools-automation/PlannerApp/Components/Dashboard/QuickStatCard.swift /Users/danielstevens/github-projects/tools-automation/PlannerApp/Components/Dashboard/QuickActionCard.swift /Users/danielstevens/github-projects/tools-automation/PlannerApp/Views/Tasks/TaskCardView.swift /Users/danielstevens/github-projects/tools-automation/PlannerApp/CloudKit/Mappers/RecordMapper.swift /Users/danielstevens/github-projects/tools-automation/PlannerApp/CloudKit/ConflictResolver.swift /Users/danielstevens/github-projects/tools-automation/PlannerApp/Sync/CalendarSyncManager.swift /Users/danielstevens/github-projects/tools-automation/PlannerApp/Models/SDTask.swift /Users/danielstevens/github-projects/tools-automation/PlannerApp/Models/SDGoal.swift /Users/danielstevens/github-projects/tools-automation/PlannerApp/Utilities/LegacyDataMigrator.swift /Users/danielstevens/github-projects/tools-automation/PlannerApp/DataManagers/SwiftDataTaskManager.swift /Users/danielstevens/github-projects/tools-automation/PlannerApp/DataManagers/SwiftDataGoalManager.swift /Users/danielstevens/github-projects/tools-automation/PlannerApp/Components/Tasks/SDTaskRow.swift /Users/danielstevens/github-projects/tools-automation/PlannerApp/Components/Tasks/SDTaskListView.swift /Users/danielstevens/github-projects/tools-automation/PlannerApp/Views/Calendar/SDGoalRowView.swift /Users/danielstevens/github-projects/tools-automation/PlannerApp/Views/Calendar/SDTaskRowView.swift /Users/danielstevens/Library/Developer/Xcode/DerivedData/PlannerApp-gchxksaawkyzgwdajloyqsapshop/Build/Intermediates.noindex/PlannerApp.build/Release-iphonesimulator/PlannerApp.build/DerivedSources/GeneratedAssetSymbols.swift -supplementary-output-file-map /Users/danielstevens/Library/Developer/Xcode/DerivedData/PlannerApp-gchxksaawkyzgwdajloyqsapshop/Build/Intermediates.noindex/PlannerApp.build/Release-iphonesimulator/PlannerApp.build/Objects-normal/arm64/supplementaryOutputs-1 -emit-localized-strings -emit-localized-strings-path /Users/danielstevens/Library/Developer/Xcode/DerivedData/PlannerApp-gchxksaawkyzgwdajloyqsapshop/Build/Intermediates.noindex/PlannerApp.build/Release-iphonesimulator/PlannerApp.build/Objects-normal/arm64 -target arm64-apple-ios26.0-simulator -module-can-import-version DeveloperToolsSupport 23.0.4 23.0.4 -module-can-import-version SwiftUI 7.2.5.1 7.2.5 -module-can-import-version UIKit 9126.2.4.1 9126.2.4 -disable-cross-import-overlay-search -swift-module-cross-import AppIntents /Applications/Xcode.app/Contents/Developer/Platforms/iPhoneSimulator.platform/Developer/SDKs/iPhoneSimulator.sdk/System/Library/Frameworks/AppIntents.framework/Modules/AppIntents.swiftcrossimport/SwiftUI.swiftoverlay -swift-module-cross-import AppIntents /Applications/Xcode.app/Contents/Developer/Platforms/iPhoneSimulator.platform/Developer/SDKs/iPhoneSimulator.sdk/System/Library/Frameworks/AppIntents.framework/Modules/AppIntents.swiftcrossimport/UIKit.swiftoverlay -swift-module-cross-import AppIntents /Applications/Xcode.app/Contents/Developer/Platforms/iPhoneSimulator.platform/Developer/SDKs/iPhoneSimulator26.2.sdk/System/Library/Frameworks/AppIntents.framework/Modules/AppIntents.swiftcrossimport/SwiftUI.swiftoverlay -swift-module-cross-import AppIntents /Applications/Xcode.app/Contents/Developer/Platforms/iPhoneSimulator.platform/Developer/SDKs/iPhoneSimulator26.2.sdk/System/Library/Frameworks/AppIntents.framework/Modules/AppIntents.swiftcrossimport/UIKit.swiftoverlay -swift-module-cross-import RelevanceKit /Applications/Xcode.app/Contents/Developer/Platforms/iPhoneSimulator.platform/Developer/SDKs/iPhoneSimulator.sdk/System/Library/Frameworks/RelevanceKit.framework/Modules/RelevanceKit.swiftcrossimport/MapKit.swiftoverlay -swift-module-cross-import RelevanceKit /Applications/Xcode.app/Contents/Developer/Platforms/iPhoneSimulator.platform/Developer/SDKs/iPhoneSimulator26.2.sdk/System/Library/Frameworks/RelevanceKit.framework/Modules/RelevanceKit.swiftcrossimport/MapKit.swiftoverlay -swift-module-cross-import SwiftData /Applications/Xcode.app/Contents/Developer/Platforms/iPhoneSimulator.platform/Developer/SDKs/iPhoneSimulator26.2.sdk/System/Library/Frameworks/SwiftData.framework/Modules/SwiftData.swiftcrossimport/CoreData.swiftoverlay -swift-module-cross-import SwiftData /Applications/Xcode.app/Contents/Developer/Platforms/iPhoneSimulator.platform/Developer/SDKs/iPhoneSimulator26.2.sdk/System/Library/Frameworks/SwiftData.framework/Modules/SwiftData.swiftcrossimport/SwiftUI.swiftoverlay -load-resolved-plugin /Applications/Xcode.app/Contents/Developer/Platforms/iPhoneOS.platform/Developer/usr/lib/swift/host/plugins/libAppIntentsMacros.dylib\#/Applications/Xcode.app/Contents/Developer/Platforms/iPhoneOS.platform/Developer/usr/bin/swift-plugin-server\#AppIntentsMacros -load-resolved-plugin /Applications/Xcode.app/Contents/Developer/Platforms/iPhoneOS.platform/Developer/usr/lib/swift/host/plugins/libFoundationMacros.dylib\#/Applications/Xcode.app/Contents/Developer/Platforms/iPhoneOS.platform/Developer/usr/bin/swift-plugin-server\#FoundationMacros -load-resolved-plugin /Applications/Xcode.app/Contents/Developer/Platforms/iPhoneOS.platform/Developer/usr/lib/swift/host/plugins/libObservationMacros.dylib\#/Applications/Xcode.app/Contents/Developer/Platforms/iPhoneOS.platform/Developer/usr/bin/swift-plugin-server\#ObservationMacros -load-resolved-plugin /Applications/Xcode.app/Contents/Developer/Platforms/iPhoneOS.platform/Developer/usr/lib/swift/host/plugins/libPreviewsMacros.dylib\#/Applications/Xcode.app/Contents/Developer/Platforms/iPhoneOS.platform/Developer/usr/bin/swift-plugin-server\#PreviewsMacros -load-resolved-plugin /Applications/Xcode.app/Contents/Developer/Platforms/iPhoneOS.platform/Developer/usr/lib/swift/host/plugins/libSwiftDataMacros.dylib\#/Applications/Xcode.app/Contents/Developer/Platforms/iPhoneOS.platform/Developer/usr/bin/swift-plugin-server\#SwiftDataMacros -load-resolved-plugin /Applications/Xcode.app/Contents/Developer/Platforms/iPhoneOS.platform/Developer/usr/lib/swift/host/plugins/libSwiftMacros.dylib\#/Applications/Xcode.app/Contents/Developer/Platforms/iPhoneOS.platform/Developer/usr/bin/swift-plugin-server\#SwiftMacros -load-resolved-plugin /Applications/Xcode.app/Contents/Developer/Platforms/iPhoneOS.platform/Developer/usr/lib/swift/host/plugins/libSwiftUIMacros.dylib\#/Applications/Xcode.app/Contents/Developer/Platforms/iPhoneOS.platform/Developer/usr/bin/swift-plugin-server\#SwiftUIMacros -disable-implicit-swift-modules -Xcc -fno-implicit-modules -Xcc -fno-implicit-module-maps -explicit-swift-module-map-file /Users/danielstevens/Library/Developer/Xcode/DerivedData/PlannerApp-gchxksaawkyzgwdajloyqsapshop/Build/Intermediates.noindex/PlannerApp.build/Release-iphonesimulator/PlannerApp.build/Objects-normal/arm64/PlannerApp-dependencies-1.json -Xllvm -aarch64-use-tbi -enable-objc-interop -sdk /Applications/Xcode.app/Contents/Developer/Platforms/iPhoneSimulator.platform/Developer/SDKs/iPhoneSimulator26.2.sdk -I /Users/danielstevens/Library/Developer/Xcode/DerivedData/PlannerApp-gchxksaawkyzgwdajloyqsapshop/Build/Products/Release-iphonesimulator -F /Users/danielstevens/Library/Developer/Xcode/DerivedData/PlannerApp-gchxksaawkyzgwdajloyqsapshop/Build/Products/Release-iphonesimulator -no-color-diagnostics -Xcc -fno-color-diagnostics -g -debug-info-format\=dwarf -dwarf-version\=5 -module-cache-path /Users/danielstevens/Library/Developer/Xcode/DerivedData/PlannerApp-gchxksaawkyzgwdajloyqsapshop/Build/Intermediates.noindex/SwiftExplicitPrecompiledModules -profile-generate -profile-coverage-mapping -swift-version 6 -enforce-exclusivity\=checked -O -serialize-debugging-options -const-gather-protocols-file /Users/danielstevens/Library/Developer/Xcode/DerivedData/PlannerApp-gchxksaawkyzgwdajloyqsapshop/Build/Intermediates.noindex/PlannerApp.build/Release-iphonesimulator/PlannerApp.build/Objects-normal/arm64/PlannerApp_const_extract_protocols.json -enable-experimental-feature DebugDescriptionMacro -empty-abi-descriptor -validate-clang-modules-once -clang-build-session-file /Users/danielstevens/Library/Developer/Xcode/DerivedData/ModuleCache.noindex/Session.modulevalidation -Xcc -working-directory -Xcc /Users/danielstevens/github-projects/tools-automation/PlannerApp -file-compilation-dir /Users/danielstevens/github-projects/tools-automation/PlannerApp -Xcc -ivfsstatcache -Xcc /Users/danielstevens/Library/Developer/Xcode/DerivedData/SDKStatCaches.noindex/iphonesimulator26.2-23C57-e8867d0c40613ffc63e0238af232dc507d00a8b37fbd7999ea79df8ebc024bf0.sdkstatcache -Xcc -I/Users/danielstevens/Library/Developer/Xcode/DerivedData/PlannerApp-gchxksaawkyzgwdajloyqsapshop/Build/Intermediates.noindex/PlannerApp.build/Release-iphonesimulator/PlannerApp.build/swift-overrides.hmap -Xcc -iquote -Xcc /Users/danielstevens/Library/Developer/Xcode/DerivedData/PlannerApp-gchxksaawkyzgwdajloyqsapshop/Build/Intermediates.noindex/PlannerApp.build/Release-iphonesimulator/PlannerApp.build/PlannerApp-generated-files.hmap -Xcc -I/Users/danielstevens/Library/Developer/Xcode/DerivedData/PlannerApp-gchxksaawkyzgwdajloyqsapshop/Build/Intermediates.noindex/PlannerApp.build/Release-iphonesimulator/PlannerApp.build/PlannerApp-own-target-headers.hmap -Xcc -I/Users/danielstevens/Library/Developer/Xcode/DerivedData/PlannerApp-gchxksaawkyzgwdajloyqsapshop/Build/Intermediates.noindex/PlannerApp.build/Release-iphonesimulator/PlannerApp.build/PlannerApp-all-target-headers.hmap -Xcc -iquote -Xcc /Users/danielstevens/Library/Developer/Xcode/DerivedData/PlannerApp-gchxksaawkyzgwdajloyqsapshop/Build/Intermediates.noindex/PlannerApp.build/Release-iphonesimulator/PlannerApp.build/PlannerApp-project-headers.hmap -Xcc -I/Users/danielstevens/Library/Developer/Xcode/DerivedData/PlannerApp-gchxksaawkyzgwdajloyqsapshop/Build/Products/Release-iphonesimulator/include -Xcc -I/Users/danielstevens/Library/Developer/Xcode/DerivedData/PlannerApp-gchxksaawkyzgwdajloyqsapshop/Build/Intermediates.noindex/PlannerApp.build/Release-iphonesimulator/PlannerApp.build/DerivedSources-normal/arm64 -Xcc -I/Users/danielstevens/Library/Developer/Xcode/DerivedData/PlannerApp-gchxksaawkyzgwdajloyqsapshop/Build/Intermediates.noindex/PlannerApp.build/Release-iphonesimulator/PlannerApp.build/DerivedSources/arm64 -Xcc -I/Users/danielstevens/Library/Developer/Xcode/DerivedData/PlannerApp-gchxksaawkyzgwdajloyqsapshop/Build/Intermediates.noindex/PlannerApp.build/Release-iphonesimulator/PlannerApp.build/DerivedSources -no-auto-bridging-header-chaining -module-name PlannerApp -frontend-parseable-output -disable-clang-spi -target-sdk-version 26.2 -target-sdk-name iphonesimulator26.2 -clang-target arm64-apple-ios26.2-simulator -in-process-plugin-server-path /Applications/Xcode.app/Contents/Developer/Toolchains/XcodeDefault.xctoolchain/usr/lib/swift/host/libSwiftInProcPluginServer.dylib -enable-default-cmo -num-threads 10 -o /Users/danielstevens/Library/Developer/Xcode/DerivedData/PlannerApp-gchxksaawkyzgwdajloyqsapshop/Build/Intermediates.noindex/PlannerApp.build/Release-iphonesimulator/PlannerApp.build/Objects-normal/arm64/GoalDataManager.o -o /Users/danielstevens/Library/Developer/Xcode/DerivedData/PlannerApp-gchxksaawkyzgwdajloyqsapshop/Build/Intermediates.noindex/PlannerApp.build/Release-iphonesimulator/PlannerApp.build/Objects-normal/arm64/SettingsView.o -o /Users/danielstevens/Library/Developer/Xcode/DerivedData/PlannerApp-gchxksaawkyzgwdajloyqsapshop/Build/Intermediates.noindex/PlannerApp.build/Release-iphonesimulator/PlannerApp.build/Objects-normal/arm64/JournalView.o -o /Users/danielstevens/Library/Developer/Xcode/DerivedData/PlannerApp-gchxksaawkyzgwdajloyqsapshop/Build/Intermediates.noindex/PlannerApp.build/Release-iphonesimulator/PlannerApp.build/Objects-normal/arm64/CalendarView.o -o /Users/danielstevens/Library/Developer/Xcode/DerivedData/PlannerApp-gchxksaawkyzgwdajloyqsapshop/Build/Intermediates.noindex/PlannerApp.build/Release-iphonesimulator/PlannerApp.build/Objects-normal/arm64/DataManagerError.o -o /Users/danielstevens/Library/Developer/Xcode/DerivedData/PlannerApp-gchxksaawkyzgwdajloyqsapshop/Build/Intermediates.noindex/PlannerApp.build/Release-iphonesimulator/PlannerApp.build/Objects-normal/arm64/JournalDetailView.o -o /Users/danielstevens/Library/Developer/Xcode/DerivedData/PlannerApp-gchxksaawkyzgwdajloyqsapshop/Build/Intermediates.noindex/PlannerApp.build/Release-iphonesimulator/PlannerApp.build/Objects-normal/arm64/DashboardView.o -o /Users/danielstevens/Library/Developer/Xcode/DerivedData/PlannerApp-gchxksaawkyzgwdajloyqsapshop/Build/Intermediates.noindex/PlannerApp.build/Release-iphonesimulator/PlannerApp.build/Objects-normal/arm64/JournalEntry.o -o /Users/danielstevens/Library/Developer/Xcode/DerivedData/PlannerApp-gchxksaawkyzgwdajloyqsapshop/Build/Intermediates.noindex/PlannerApp.build/Release-iphonesimulator/PlannerApp.build/Objects-normal/arm64/TaskManagerView.o -o /Users/danielstevens/Library/Developer/Xcode/DerivedData/PlannerApp-gchxksaawkyzgwdajloyqsapshop/Build/Intermediates.noindex/PlannerApp.build/Release-iphonesimulator/PlannerApp.build/Objects-normal/arm64/AppSettingKeys.o -o /Users/danielstevens/Library/Developer/Xcode/DerivedData/PlannerApp-gchxksaawkyzgwdajloyqsapshop/Build/Intermediates.noindex/PlannerApp.build/Release-iphonesimulator/PlannerApp.build/Objects-normal/arm64/Theme.o -o /Users/danielstevens/Library/Developer/Xcode/DerivedData/PlannerApp-gchxksaawkyzgwdajloyqsapshop/Build/Intermediates.noindex/PlannerApp.build/Release-iphonesimulator/PlannerApp.build/Objects-normal/arm64/PlannerApp.o -o /Users/danielstevens/Library/Developer/Xcode/DerivedData/PlannerApp-gchxksaawkyzgwdajloyqsapshop/Build/Intermediates.noindex/PlannerApp.build/Release-iphonesimulator/PlannerApp.build/Objects-normal/arm64/AddCalendarEventView.o -o /Users/danielstevens/Library/Developer/Xcode/DerivedData/PlannerApp-gchxksaawkyzgwdajloyqsapshop/Build/Intermediates.noindex/PlannerApp.build/Release-iphonesimulator/PlannerApp.build/Objects-normal/arm64/AddGoalView.o -o /Users/danielstevens/Library/Developer/Xcode/DerivedData/PlannerApp-gchxksaawkyzgwdajloyqsapshop/Build/Intermediates.noindex/PlannerApp.build/Release-iphonesimulator/PlannerApp.build/Objects-normal/arm64/PlatformAdaptiveNavigation.o -o /Users/danielstevens/Library/Developer/Xcode/DerivedData/PlannerApp-gchxksaawkyzgwdajloyqsapshop/Build/Intermediates.noindex/PlannerApp.build/Release-iphonesimulator/PlannerApp.build/Objects-normal/arm64/CloudKitEnhancements.o -o /Users/danielstevens/Library/Developer/Xcode/DerivedData/PlannerApp-gchxksaawkyzgwdajloyqsapshop/Build/Intermediates.noindex/PlannerApp.build/Release-iphonesimulator/PlannerApp.build/Objects-normal/arm64/CloudKitSyncView.o -o /Users/danielstevens/Library/Developer/Xcode/DerivedData/PlannerApp-gchxksaawkyzgwdajloyqsapshop/Build/Intermediates.noindex/PlannerApp.build/Release-iphonesimulator/PlannerApp.build/Objects-normal/arm64/CloudKitManager.o -o /Users/danielstevens/Library/Developer/Xcode/DerivedData/PlannerApp-gchxksaawkyzgwdajloyqsapshop/Build/Intermediates.noindex/PlannerApp.build/Release-iphonesimulator/PlannerApp.build/Objects-normal/arm64/CloudKitOnboardingView.o -o /Users/danielstevens/Library/Developer/Xcode/DerivedData/PlannerApp-gchxksaawkyzgwdajloyqsapshop/Build/Intermediates.noindex/PlannerApp.build/Release-iphonesimulator/PlannerApp.build/Objects-normal/arm64/SyncStatusView.o -o /Users/danielstevens/Library/Developer/Xcode/DerivedData/PlannerApp-gchxksaawkyzgwdajloyqsapshop/Build/Intermediates.noindex/PlannerApp.build/Release-iphonesimulator/PlannerApp.build/Objects-normal/arm64/iOSAdaptivePopups.o -o /Users/danielstevens/Library/Developer/Xcode/DerivedData/PlannerApp-gchxksaawkyzgwdajloyqsapshop/Build/Intermediates.noindex/PlannerApp.build/Release-iphonesimulator/PlannerApp.build/Objects-normal/arm64/ModernCard.o -o /Users/danielstevens/Library/Developer/Xcode/DerivedData/PlannerApp-gchxksaawkyzgwdajloyqsapshop/Build/Intermediates.noindex/PlannerApp.build/Release-iphonesimulator/PlannerApp.build/Objects-normal/arm64/DashboardViewModel.o -o /Users/danielstevens/Library/Developer/Xcode/DerivedData/PlannerApp-gchxksaawkyzgwdajloyqsapshop/Build/Intermediates.noindex/PlannerApp.build/Release-iphonesimulator/PlannerApp.build/Objects-normal/arm64/ThemeManager.o -o /Users/danielstevens/Library/Developer/Xcode/DerivedData/PlannerApp-gchxksaawkyzgwdajloyqsapshop/Build/Intermediates.noindex/PlannerApp.build/Release-iphonesimulator/PlannerApp.build/Objects-normal/arm64/Goal.o -o /Users/danielstevens/Library/Developer/Xcode/DerivedData/PlannerApp-gchxksaawkyzgwdajloyqsapshop/Build/Intermediates.noindex/PlannerApp.build/Release-iphonesimulator/PlannerApp.build/Objects-normal/arm64/CalendarEvent.o -o /Users/danielstevens/Library/Developer/Xcode/DerivedData/PlannerApp-gchxksaawkyzgwdajloyqsapshop/Build/Intermediates.noindex/PlannerApp.build/Release-iphonesimulator/PlannerApp.build/Objects-normal/arm64/GoalsView.o -o /Users/danielstevens/Library/Developer/Xcode/DerivedData/PlannerApp-gchxksaawkyzgwdajloyqsapshop/Build/Intermediates.noindex/PlannerApp.build/Release-iphonesimulator/PlannerApp.build/Objects-normal/arm64/AddJournalEntryView.o -o /Users/danielstevens/Library/Developer/Xcode/DerivedData/PlannerApp-gchxksaawkyzgwdajloyqsapshop/Build/Intermediates.noindex/PlannerApp.build/Release-iphonesimulator/PlannerApp.build/Objects-normal/arm64/Task.o -o /Users/danielstevens/Library/Developer/Xcode/DerivedData/PlannerApp-gchxksaawkyzgwdajloyqsapshop/Build/Intermediates.noindex/PlannerApp.build/Release-iphonesimulator/PlannerApp.build/Objects-normal/arm64/MainTabView.o -o /Users/danielstevens/Library/Developer/Xcode/DerivedData/PlannerApp-gchxksaawkyzgwdajloyqsapshop/Build/Intermediates.noindex/PlannerApp.build/Release-iphonesimulator/PlannerApp.build/Objects-normal/arm64/SentimentBadge.o -o /Users/danielstevens/Library/Developer/Xcode/DerivedData/PlannerApp-gchxksaawkyzgwdajloyqsapshop/Build/Intermediates.noindex/PlannerApp.build/Release-iphonesimulator/PlannerApp.build/Objects-normal/arm64/SentimentAnalyticsView.o -o /Users/danielstevens/Library/Developer/Xcode/DerivedData/PlannerApp-gchxksaawkyzgwdajloyqsapshop/Build/Intermediates.noindex/PlannerApp.build/Release-iphonesimulator/PlannerApp.build/Objects-normal/arm64/AccessibilityEnhancements.o -o /Users/danielstevens/Library/Developer/Xcode/DerivedData/PlannerApp-gchxksaawkyzgwdajloyqsapshop/Build/Intermediates.noindex/PlannerApp.build/Release-iphonesimulator/PlannerApp.build/Objects-normal/arm64/CloudKitMigrationHelper.o -o /Users/danielstevens/Library/Developer/Xcode/DerivedData/PlannerApp-gchxksaawkyzgwdajloyqsapshop/Build/Intermediates.noindex/PlannerApp.build/Release-iphonesimulator/PlannerApp.build/Objects-normal/arm64/EnhancedCloudKitManager.o -o /Users/danielstevens/Library/Developer/Xcode/DerivedData/PlannerApp-gchxksaawkyzgwdajloyqsapshop/Build/Intermediates.noindex/PlannerApp.build/Release-iphonesimulator/PlannerApp.build/Objects-normal/arm64/EnhancedPlatformNavigation.o -o /Users/danielstevens/Library/Developer/Xcode/DerivedData/PlannerApp-gchxksaawkyzgwdajloyqsapshop/Build/Intermediates.noindex/PlannerApp.build/Release-iphonesimulator/PlannerApp.build/Objects-normal/arm64/VisualEnhancements.o -o /Users/danielstevens/Library/Developer/Xcode/DerivedData/PlannerApp-gchxksaawkyzgwdajloyqsapshop/Build/Intermediates.noindex/PlannerApp.build/Release-iphonesimulator/PlannerApp.build/Objects-normal/arm64/PlatformFeatures.o -o /Users/danielstevens/Library/Developer/Xcode/DerivedData/PlannerApp-gchxksaawkyzgwdajloyqsapshop/Build/Intermediates.noindex/PlannerApp.build/Release-iphonesimulator/PlannerApp.build/Objects-normal/arm64/ModernThemes.o -o /Users/danielstevens/Library/Developer/Xcode/DerivedData/PlannerApp-gchxksaawkyzgwdajloyqsapshop/Build/Intermediates.noindex/PlannerApp.build/Release-iphonesimulator/PlannerApp.build/Objects-normal/arm64/CalendarComponents.o -o /Users/danielstevens/Library/Developer/Xcode/DerivedData/PlannerApp-gchxksaawkyzgwdajloyqsapshop/Build/Intermediates.noindex/PlannerApp.build/Release-iphonesimulator/PlannerApp.build/Objects-normal/arm64/CalendarGrid.o -o /Users/danielstevens/Library/Developer/Xcode/DerivedData/PlannerApp-gchxksaawkyzgwdajloyqsapshop/Build/Intermediates.noindex/PlannerApp.build/Release-iphonesimulator/PlannerApp.build/Objects-normal/arm64/DateSectionView.o -o /Users/danielstevens/Library/Developer/Xcode/DerivedData/PlannerApp-gchxksaawkyzgwdajloyqsapshop/Build/Intermediates.noindex/PlannerApp.build/Release-iphonesimulator/PlannerApp.build/Objects-normal/arm64/EventRowView.o -o /Users/danielstevens/Library/Developer/Xcode/DerivedData/PlannerApp-gchxksaawkyzgwdajloyqsapshop/Build/Intermediates.noindex/PlannerApp.build/Release-iphonesimulator/PlannerApp.build/Objects-normal/arm64/GoalRowView.o -o /Users/danielstevens/Library/Developer/Xcode/DerivedData/PlannerApp-gchxksaawkyzgwdajloyqsapshop/Build/Intermediates.noindex/PlannerApp.build/Release-iphonesimulator/PlannerApp.build/Objects-normal/arm64/TaskRowView.o -o /Users/danielstevens/Library/Developer/Xcode/DerivedData/PlannerApp-gchxksaawkyzgwdajloyqsapshop/Build/Intermediates.noindex/PlannerApp.build/Release-iphonesimulator/PlannerApp.build/Objects-normal/arm64/NotificationExtensions.o -o /Users/danielstevens/Library/Developer/Xcode/DerivedData/PlannerApp-gchxksaawkyzgwdajloyqsapshop/Build/Intermediates.noindex/PlannerApp.build/Release-iphonesimulator/PlannerApp.build/Objects-normal/arm64/NetworkMonitor.o -o /Users/danielstevens/Library/Developer/Xcode/DerivedData/PlannerApp-gchxksaawkyzgwdajloyqsapshop/Build/Intermediates.noindex/PlannerApp.build/Release-iphonesimulator/PlannerApp.build/Objects-normal/arm64/ThemePreviewView.o -o /Users/danielstevens/Library/Developer/Xcode/DerivedData/PlannerApp-gchxksaawkyzgwdajloyqsapshop/Build/Intermediates.noindex/PlannerApp.build/Release-iphonesimulator/PlannerApp.build/Objects-normal/arm64/GoalsHeaderView.o -o /Users/danielstevens/Library/Developer/Xcode/DerivedData/PlannerApp-gchxksaawkyzgwdajloyqsapshop/Build/Intermediates.noindex/PlannerApp.build/Release-iphonesimulator/PlannerApp.build/Objects-normal/arm64/GoalsListView.o -o /Users/danielstevens/Library/Developer/Xcode/DerivedData/PlannerApp-gchxksaawkyzgwdajloyqsapshop/Build/Intermediates.noindex/PlannerApp.build/Release-iphonesimulator/PlannerApp.build/Objects-normal/arm64/JournalDataManager.o -o /Users/danielstevens/Library/Developer/Xcode/DerivedData/PlannerApp-gchxksaawkyzgwdajloyqsapshop/Build/Intermediates.noindex/PlannerApp.build/Release-iphonesimulator/PlannerApp.build/Objects-normal/arm64/ProgressUpdateSheet.o -o /Users/danielstevens/Library/Developer/Xcode/DerivedData/PlannerApp-gchxksaawkyzgwdajloyqsapshop/Build/Intermediates.noindex/PlannerApp.build/Release-iphonesimulator/PlannerApp.build/Objects-normal/arm64/CalendarDataManager.o -o /Users/danielstevens/Library/Developer/Xcode/DerivedData/PlannerApp-gchxksaawkyzgwdajloyqsapshop/Build/Intermediates.noindex/PlannerApp.build/Release-iphonesimulator/PlannerApp.build/Objects-normal/arm64/TaskDataManager.o -o /Users/danielstevens/Library/Developer/Xcode/DerivedData/PlannerApp-gchxksaawkyzgwdajloyqsapshop/Build/Intermediates.noindex/PlannerApp.build/Release-iphonesimulator/PlannerApp.build/Objects-normal/arm64/GoalsEmptyStateView.o -o /Users/danielstevens/Library/Developer/Xcode/DerivedData/PlannerApp-gchxksaawkyzgwdajloyqsapshop/Build/Intermediates.noindex/PlannerApp.build/Release-iphonesimulator/PlannerApp.build/Objects-normal/arm64/GoalItemView.o -o /Users/danielstevens/Library/Developer/Xcode/DerivedData/PlannerApp-gchxksaawkyzgwdajloyqsapshop/Build/Intermediates.noindex/PlannerApp.build/Release-iphonesimulator/PlannerApp.build/Objects-normal/arm64/JournalEmptyStateView.o -o /Users/danielstevens/Library/Developer/Xcode/DerivedData/PlannerApp-gchxksaawkyzgwdajloyqsapshop/Build/Intermediates.noindex/PlannerApp.build/Release-iphonesimulator/PlannerApp.build/Objects-normal/arm64/JournalHeaderView.o -o /Users/danielstevens/Library/Developer/Xcode/DerivedData/PlannerApp-gchxksaawkyzgwdajloyqsapshop/Build/Intermediates.noindex/PlannerApp.build/Release-iphonesimulator/PlannerApp.build/Objects-normal/arm64/JournalListView.o -o /Users/danielstevens/Library/Developer/Xcode/DerivedData/PlannerApp-gchxksaawkyzgwdajloyqsapshop/Build/Intermediates.noindex/PlannerApp.build/Release-iphonesimulator/PlannerApp.build/Objects-normal/arm64/JournalRow.o -o /Users/danielstevens/Library/Developer/Xcode/DerivedData/PlannerApp-gchxksaawkyzgwdajloyqsapshop/Build/Intermediates.noindex/PlannerApp.build/Release-iphonesimulator/PlannerApp.build/Objects-normal/arm64/TaskRow.o -o /Users/danielstevens/Library/Developer/Xcode/DerivedData/PlannerApp-gchxksaawkyzgwdajloyqsapshop/Build/Intermediates.noindex/PlannerApp.build/Release-iphonesimulator/PlannerApp.build/Objects-normal/arm64/UpcomingItemView.o -o /Users/danielstevens/Library/Developer/Xcode/DerivedData/PlannerApp-gchxksaawkyzgwdajloyqsapshop/Build/Intermediates.noindex/PlannerApp.build/Release-iphonesimulator/PlannerApp.build/Objects-normal/arm64/TaskManagerHeaderView.o -o /Users/danielstevens/Library/Developer/Xcode/DerivedData/PlannerApp-gchxksaawkyzgwdajloyqsapshop/Build/Intermediates.noindex/PlannerApp.build/Release-iphonesimulator/PlannerApp.build/Objects-normal/arm64/AppIntents.o -o /Users/danielstevens/Library/Developer/Xcode/DerivedData/PlannerApp-gchxksaawkyzgwdajloyqsapshop/Build/Intermediates.noindex/PlannerApp.build/Release-iphonesimulator/PlannerApp.build/Objects-normal/arm64/RecurringTaskTemplates.o -o /Users/danielstevens/Library/Developer/Xcode/DerivedData/PlannerApp-gchxksaawkyzgwdajloyqsapshop/Build/Intermediates.noindex/PlannerApp.build/Release-iphonesimulator/PlannerApp.build/Objects-normal/arm64/AccessControl.o -o /Users/danielstevens/Library/Developer/Xcode/DerivedData/PlannerApp-gchxksaawkyzgwdajloyqsapshop/Build/Intermediates.noindex/PlannerApp.build/Release-iphonesimulator/PlannerApp.build/Objects-normal/arm64/BackupManager.o -o /Users/danielstevens/Library/Developer/Xcode/DerivedData/PlannerApp-gchxksaawkyzgwdajloyqsapshop/Build/Intermediates.noindex/PlannerApp.build/Release-iphonesimulator/PlannerApp.build/Objects-normal/arm64/CalendarSyncService.o -o /Users/danielstevens/Library/Developer/Xcode/DerivedData/PlannerApp-gchxksaawkyzgwdajloyqsapshop/Build/Intermediates.noindex/PlannerApp.build/Release-iphonesimulator/PlannerApp.build/Objects-normal/arm64/ConflictDetector.o -o /Users/danielstevens/Library/Developer/Xcode/DerivedData/PlannerApp-gchxksaawkyzgwdajloyqsapshop/Build/Intermediates.noindex/PlannerApp.build/Release-iphonesimulator/PlannerApp.build/Objects-normal/arm64/FocusModeManager.o -o /Users/danielstevens/Library/Developer/Xcode/DerivedData/PlannerApp-gchxksaawkyzgwdajloyqsapshop/Build/Intermediates.noindex/PlannerApp.build/Release-iphonesimulator/PlannerApp.build/Objects-normal/arm64/NetworkSecurityPolicy.o -o /Users/danielstevens/Library/Developer/Xcode/DerivedData/PlannerApp-gchxksaawkyzgwdajloyqsapshop/Build/Intermediates.noindex/PlannerApp.build/Release-iphonesimulator/PlannerApp.build/Objects-normal/arm64/PomodoroTimer.o -o /Users/danielstevens/Library/Developer/Xcode/DerivedData/PlannerApp-gchxksaawkyzgwdajloyqsapshop/Build/Intermediates.noindex/PlannerApp.build/Release-iphonesimulator/PlannerApp.build/Objects-normal/arm64/PriorityManager.o -o /Users/danielstevens/Library/Developer/Xcode/DerivedData/PlannerApp-gchxksaawkyzgwdajloyqsapshop/Build/Intermediates.noindex/PlannerApp.build/Release-iphonesimulator/PlannerApp.build/Objects-normal/arm64/ProductivityAnalytics.o -o /Users/danielstevens/Library/Developer/Xcode/DerivedData/PlannerApp-gchxksaawkyzgwdajloyqsapshop/Build/Intermediates.noindex/PlannerApp.build/Release-iphonesimulator/PlannerApp.build/Objects-normal/arm64/TagManager.o -o /Users/danielstevens/Library/Developer/Xcode/DerivedData/PlannerApp-gchxksaawkyzgwdajloyqsapshop/Build/Intermediates.noindex/PlannerApp.build/Release-iphonesimulator/PlannerApp.build/Objects-normal/arm64/TaskDependencyService.o -o /Users/danielstevens/Library/Developer/Xcode/DerivedData/PlannerApp-gchxksaawkyzgwdajloyqsapshop/Build/Intermediates.noindex/PlannerApp.build/Release-iphonesimulator/PlannerApp.build/Objects-normal/arm64/TaskTemplateService.o -o /Users/danielstevens/Library/Developer/Xcode/DerivedData/PlannerApp-gchxksaawkyzgwdajloyqsapshop/Build/Intermediates.noindex/PlannerApp.build/Release-iphonesimulator/PlannerApp.build/Objects-normal/arm64/TimeBlockService.o -o /Users/danielstevens/Library/Developer/Xcode/DerivedData/PlannerApp-gchxksaawkyzgwdajloyqsapshop/Build/Intermediates.noindex/PlannerApp.build/Release-iphonesimulator/PlannerApp.build/Objects-normal/arm64/WorkspaceManager.o -o /Users/danielstevens/Library/Developer/Xcode/DerivedData/PlannerApp-gchxksaawkyzgwdajloyqsapshop/Build/Intermediates.noindex/PlannerApp.build/Release-iphonesimulator/PlannerApp.build/Objects-normal/arm64/DarkModeSupport.o -o /Users/danielstevens/Library/Developer/Xcode/DerivedData/PlannerApp-gchxksaawkyzgwdajloyqsapshop/Build/Intermediates.noindex/PlannerApp.build/Release-iphonesimulator/PlannerApp.build/Objects-normal/arm64/SyncRefreshView.o -o /Users/danielstevens/Library/Developer/Xcode/DerivedData/PlannerApp-gchxksaawkyzgwdajloyqsapshop/Build/Intermediates.noindex/PlannerApp.build/Release-iphonesimulator/PlannerApp.build/Objects-normal/arm64/AppLifecycleCoordinator.o -o /Users/danielstevens/Library/Developer/Xcode/DerivedData/PlannerApp-gchxksaawkyzgwdajloyqsapshop/Build/Intermediates.noindex/PlannerApp.build/Release-iphonesimulator/PlannerApp.build/Objects-normal/arm64/TaskInputView.o -o /Users/danielstevens/Library/Developer/Xcode/DerivedData/PlannerApp-gchxksaawkyzgwdajloyqsapshop/Build/Intermediates.noindex/PlannerApp.build/Release-iphonesimulator/PlannerApp.build/Objects-normal/arm64/TaskListView.o -o /Users/danielstevens/Library/Developer/Xcode/DerivedData/PlannerApp-gchxksaawkyzgwdajloyqsapshop/Build/Intermediates.noindex/PlannerApp.build/Release-iphonesimulator/PlannerApp.build/Objects-normal/arm64/QuickStatCard.o -o /Users/danielstevens/Library/Developer/Xcode/DerivedData/PlannerApp-gchxksaawkyzgwdajloyqsapshop/Build/Intermediates.noindex/PlannerApp.build/Release-iphonesimulator/PlannerApp.build/Objects-normal/arm64/QuickActionCard.o -o /Users/danielstevens/Library/Developer/Xcode/DerivedData/PlannerApp-gchxksaawkyzgwdajloyqsapshop/Build/Intermediates.noindex/PlannerApp.build/Release-iphonesimulator/PlannerApp.build/Objects-normal/arm64/TaskCardView.o -o /Users/danielstevens/Library/Developer/Xcode/DerivedData/PlannerApp-gchxksaawkyzgwdajloyqsapshop/Build/Intermediates.noindex/PlannerApp.build/Release-iphonesimulator/PlannerApp.build/Objects-normal/arm64/RecordMapper.o -o /Users/danielstevens/Library/Developer/Xcode/DerivedData/PlannerApp-gchxksaawkyzgwdajloyqsapshop/Build/Intermediates.noindex/PlannerApp.build/Release-iphonesimulator/PlannerApp.build/Objects-normal/arm64/ConflictResolver.o -o /Users/danielstevens/Library/Developer/Xcode/DerivedData/PlannerApp-gchxksaawkyzgwdajloyqsapshop/Build/Intermediates.noindex/PlannerApp.build/Release-iphonesimulator/PlannerApp.build/Objects-normal/arm64/CalendarSyncManager.o -o /Users/danielstevens/Library/Developer/Xcode/DerivedData/PlannerApp-gchxksaawkyzgwdajloyqsapshop/Build/Intermediates.noindex/PlannerApp.build/Release-iphonesimulator/PlannerApp.build/Objects-normal/arm64/SDTask.o -o /Users/danielstevens/Library/Developer/Xcode/DerivedData/PlannerApp-gchxksaawkyzgwdajloyqsapshop/Build/Intermediates.noindex/PlannerApp.build/Release-iphonesimulator/PlannerApp.build/Objects-normal/arm64/SDGoal.o -o /Users/danielstevens/Library/Developer/Xcode/DerivedData/PlannerApp-gchxksaawkyzgwdajloyqsapshop/Build/Intermediates.noindex/PlannerApp.build/Release-iphonesimulator/PlannerApp.build/Objects-normal/arm64/LegacyDataMigrator.o -o /Users/danielstevens/Library/Developer/Xcode/DerivedData/PlannerApp-gchxksaawkyzgwdajloyqsapshop/Build/Intermediates.noindex/PlannerApp.build/Release-iphonesimulator/PlannerApp.build/Objects-normal/arm64/SwiftDataTaskManager.o -o /Users/danielstevens/Library/Developer/Xcode/DerivedData/PlannerApp-gchxksaawkyzgwdajloyqsapshop/Build/Intermediates.noindex/PlannerApp.build/Release-iphonesimulator/PlannerApp.build/Objects-normal/arm64/SwiftDataGoalManager.o -o /Users/danielstevens/Library/Developer/Xcode/DerivedData/PlannerApp-gchxksaawkyzgwdajloyqsapshop/Build/Intermediates.noindex/PlannerApp.build/Release-iphonesimulator/PlannerApp.build/Objects-normal/arm64/SDTaskRow.o -o /Users/danielstevens/Library/Developer/Xcode/DerivedData/PlannerApp-gchxksaawkyzgwdajloyqsapshop/Build/Intermediates.noindex/PlannerApp.build/Release-iphonesimulator/PlannerApp.build/Objects-normal/arm64/SDTaskListView.o -o /Users/danielstevens/Library/Developer/Xcode/DerivedData/PlannerApp-gchxksaawkyzgwdajloyqsapshop/Build/Intermediates.noindex/PlannerApp.build/Release-iphonesimulator/PlannerApp.build/Objects-normal/arm64/SDGoalRowView.o -o /Users/danielstevens/Library/Developer/Xcode/DerivedData/PlannerApp-gchxksaawkyzgwdajloyqsapshop/Build/Intermediates.noindex/PlannerApp.build/Release-iphonesimulator/PlannerApp.build/Objects-normal/arm64/SDTaskRowView.o -o /Users/danielstevens/Library/Developer/Xcode/DerivedData/PlannerApp-gchxksaawkyzgwdajloyqsapshop/Build/Intermediates.noindex/PlannerApp.build/Release-iphonesimulator/PlannerApp.build/Objects-normal/arm64/GeneratedAssetSymbols.o -index-unit-output-path /PlannerApp.build/Release-iphonesimulator/PlannerApp.build/Objects-normal/arm64/GoalDataManager.o -index-unit-output-path /PlannerApp.build/Release-iphonesimulator/PlannerApp.build/Objects-normal/arm64/SettingsView.o -index-unit-output-path /PlannerApp.build/Release-iphonesimulator/PlannerApp.build/Objects-normal/arm64/JournalView.o -index-unit-output-path /PlannerApp.build/Release-iphonesimulator/PlannerApp.build/Objects-normal/arm64/CalendarView.o -index-unit-output-path /PlannerApp.build/Release-iphonesimulator/PlannerApp.build/Objects-normal/arm64/DataManagerError.o -index-unit-output-path /PlannerApp.build/Release-iphonesimulator/PlannerApp.build/Objects-normal/arm64/JournalDetailView.o -index-unit-output-path /PlannerApp.build/Release-iphonesimulator/PlannerApp.build/Objects-normal/arm64/DashboardView.o -index-unit-output-path /PlannerApp.build/Release-iphonesimulator/PlannerApp.build/Objects-normal/arm64/JournalEntry.o -index-unit-output-path /PlannerApp.build/Release-iphonesimulator/PlannerApp.build/Objects-normal/arm64/TaskManagerView.o -index-unit-output-path /PlannerApp.build/Release-iphonesimulator/PlannerApp.build/Objects-normal/arm64/AppSettingKeys.o -index-unit-output-path /PlannerApp.build/Release-iphonesimulator/PlannerApp.build/Objects-normal/arm64/Theme.o -index-unit-output-path /PlannerApp.build/Release-iphonesimulator/PlannerApp.build/Objects-normal/arm64/PlannerApp.o -index-unit-output-path /PlannerApp.build/Release-iphonesimulator/PlannerApp.build/Objects-normal/arm64/AddCalendarEventView.o -index-unit-output-path /PlannerApp.build/Release-iphonesimulator/PlannerApp.build/Objects-normal/arm64/AddGoalView.o -index-unit-output-path /PlannerApp.build/Release-iphonesimulator/PlannerApp.build/Objects-normal/arm64/PlatformAdaptiveNavigation.o -index-unit-output-path /PlannerApp.build/Release-iphonesimulator/PlannerApp.build/Objects-normal/arm64/CloudKitEnhancements.o -index-unit-output-path /PlannerApp.build/Release-iphonesimulator/PlannerApp.build/Objects-normal/arm64/CloudKitSyncView.o -index-unit-output-path /PlannerApp.build/Release-iphonesimulator/PlannerApp.build/Objects-normal/arm64/CloudKitManager.o -index-unit-output-path /PlannerApp.build/Release-iphonesimulator/PlannerApp.build/Objects-normal/arm64/CloudKitOnboardingView.o -index-unit-output-path /PlannerApp.build/Release-iphonesimulator/PlannerApp.build/Objects-normal/arm64/SyncStatusView.o -index-unit-output-path /PlannerApp.build/Release-iphonesimulator/PlannerApp.build/Objects-normal/arm64/iOSAdaptivePopups.o -index-unit-output-path /PlannerApp.build/Release-iphonesimulator/PlannerApp.build/Objects-normal/arm64/ModernCard.o -index-unit-output-path /PlannerApp.build/Release-iphonesimulator/PlannerApp.build/Objects-normal/arm64/DashboardViewModel.o -index-unit-output-path /PlannerApp.build/Release-iphonesimulator/PlannerApp.build/Objects-normal/arm64/ThemeManager.o -index-unit-output-path /PlannerApp.build/Release-iphonesimulator/PlannerApp.build/Objects-normal/arm64/Goal.o -index-unit-output-path /PlannerApp.build/Release-iphonesimulator/PlannerApp.build/Objects-normal/arm64/CalendarEvent.o -index-unit-output-path /PlannerApp.build/Release-iphonesimulator/PlannerApp.build/Objects-normal/arm64/GoalsView.o -index-unit-output-path /PlannerApp.build/Release-iphonesimulator/PlannerApp.build/Objects-normal/arm64/AddJournalEntryView.o -index-unit-output-path /PlannerApp.build/Release-iphonesimulator/PlannerApp.build/Objects-normal/arm64/Task.o -index-unit-output-path /PlannerApp.build/Release-iphonesimulator/PlannerApp.build/Objects-normal/arm64/MainTabView.o -index-unit-output-path /PlannerApp.build/Release-iphonesimulator/PlannerApp.build/Objects-normal/arm64/SentimentBadge.o -index-unit-output-path /PlannerApp.build/Release-iphonesimulator/PlannerApp.build/Objects-normal/arm64/SentimentAnalyticsView.o -index-unit-output-path /PlannerApp.build/Release-iphonesimulator/PlannerApp.build/Objects-normal/arm64/AccessibilityEnhancements.o -index-unit-output-path /PlannerApp.build/Release-iphonesimulator/PlannerApp.build/Objects-normal/arm64/CloudKitMigrationHelper.o -index-unit-output-path /PlannerApp.build/Release-iphonesimulator/PlannerApp.build/Objects-normal/arm64/EnhancedCloudKitManager.o -index-unit-output-path /PlannerApp.build/Release-iphonesimulator/PlannerApp.build/Objects-normal/arm64/EnhancedPlatformNavigation.o -index-unit-output-path /PlannerApp.build/Release-iphonesimulator/PlannerApp.build/Objects-normal/arm64/VisualEnhancements.o -index-unit-output-path /PlannerApp.build/Release-iphonesimulator/PlannerApp.build/Objects-normal/arm64/PlatformFeatures.o -index-unit-output-path /PlannerApp.build/Release-iphonesimulator/PlannerApp.build/Objects-normal/arm64/ModernThemes.o -index-unit-output-path /PlannerApp.build/Release-iphonesimulator/PlannerApp.build/Objects-normal/arm64/CalendarComponents.o -index-unit-output-path /PlannerApp.build/Release-iphonesimulator/PlannerApp.build/Objects-normal/arm64/CalendarGrid.o -index-unit-output-path /PlannerApp.build/Release-iphonesimulator/PlannerApp.build/Objects-normal/arm64/DateSectionView.o -index-unit-output-path /PlannerApp.build/Release-iphonesimulator/PlannerApp.build/Objects-normal/arm64/EventRowView.o -index-unit-output-path /PlannerApp.build/Release-iphonesimulator/PlannerApp.build/Objects-normal/arm64/GoalRowView.o -index-unit-output-path /PlannerApp.build/Release-iphonesimulator/PlannerApp.build/Objects-normal/arm64/TaskRowView.o -index-unit-output-path /PlannerApp.build/Release-iphonesimulator/PlannerApp.build/Objects-normal/arm64/NotificationExtensions.o -index-unit-output-path /PlannerApp.build/Release-iphonesimulator/PlannerApp.build/Objects-normal/arm64/NetworkMonitor.o -index-unit-output-path /PlannerApp.build/Release-iphonesimulator/PlannerApp.build/Objects-normal/arm64/ThemePreviewView.o -index-unit-output-path /PlannerApp.build/Release-iphonesimulator/PlannerApp.build/Objects-normal/arm64/GoalsHeaderView.o -index-unit-output-path /PlannerApp.build/Release-iphonesimulator/PlannerApp.build/Objects-normal/arm64/GoalsListView.o -index-unit-output-path /PlannerApp.build/Release-iphonesimulator/PlannerApp.build/Objects-normal/arm64/JournalDataManager.o -index-unit-output-path /PlannerApp.build/Release-iphonesimulator/PlannerApp.build/Objects-normal/arm64/ProgressUpdateSheet.o -index-unit-output-path /PlannerApp.build/Release-iphonesimulator/PlannerApp.build/Objects-normal/arm64/CalendarDataManager.o -index-unit-output-path /PlannerApp.build/Release-iphonesimulator/PlannerApp.build/Objects-normal/arm64/TaskDataManager.o -index-unit-output-path /PlannerApp.build/Release-iphonesimulator/PlannerApp.build/Objects-normal/arm64/GoalsEmptyStateView.o -index-unit-output-path /PlannerApp.build/Release-iphonesimulator/PlannerApp.build/Objects-normal/arm64/GoalItemView.o -index-unit-output-path /PlannerApp.build/Release-iphonesimulator/PlannerApp.build/Objects-normal/arm64/JournalEmptyStateView.o -index-unit-output-path /PlannerApp.build/Release-iphonesimulator/PlannerApp.build/Objects-normal/arm64/JournalHeaderView.o -index-unit-output-path /PlannerApp.build/Release-iphonesimulator/PlannerApp.build/Objects-normal/arm64/JournalListView.o -index-unit-output-path /PlannerApp.build/Release-iphonesimulator/PlannerApp.build/Objects-normal/arm64/JournalRow.o -index-unit-output-path /PlannerApp.build/Release-iphonesimulator/PlannerApp.build/Objects-normal/arm64/TaskRow.o -index-unit-output-path /PlannerApp.build/Release-iphonesimulator/PlannerApp.build/Objects-normal/arm64/UpcomingItemView.o -index-unit-output-path /PlannerApp.build/Release-iphonesimulator/PlannerApp.build/Objects-normal/arm64/TaskManagerHeaderView.o -index-unit-output-path /PlannerApp.build/Release-iphonesimulator/PlannerApp.build/Objects-normal/arm64/AppIntents.o -index-unit-output-path /PlannerApp.build/Release-iphonesimulator/PlannerApp.build/Objects-normal/arm64/RecurringTaskTemplates.o -index-unit-output-path /PlannerApp.build/Release-iphonesimulator/PlannerApp.build/Objects-normal/arm64/AccessControl.o -index-unit-output-path /PlannerApp.build/Release-iphonesimulator/PlannerApp.build/Objects-normal/arm64/BackupManager.o -index-unit-output-path /PlannerApp.build/Release-iphonesimulator/PlannerApp.build/Objects-normal/arm64/CalendarSyncService.o -index-unit-output-path /PlannerApp.build/Release-iphonesimulator/PlannerApp.build/Objects-normal/arm64/ConflictDetector.o -index-unit-output-path /PlannerApp.build/Release-iphonesimulator/PlannerApp.build/Objects-normal/arm64/FocusModeManager.o -index-unit-output-path /PlannerApp.build/Release-iphonesimulator/PlannerApp.build/Objects-normal/arm64/NetworkSecurityPolicy.o -index-unit-output-path /PlannerApp.build/Release-iphonesimulator/PlannerApp.build/Objects-normal/arm64/PomodoroTimer.o -index-unit-output-path /PlannerApp.build/Release-iphonesimulator/PlannerApp.build/Objects-normal/arm64/PriorityManager.o -index-unit-output-path /PlannerApp.build/Release-iphonesimulator/PlannerApp.build/Objects-normal/arm64/ProductivityAnalytics.o -index-unit-output-path /PlannerApp.build/Release-iphonesimulator/PlannerApp.build/Objects-normal/arm64/TagManager.o -index-unit-output-path /PlannerApp.build/Release-iphonesimulator/PlannerApp.build/Objects-normal/arm64/TaskDependencyService.o -index-unit-output-path /PlannerApp.build/Release-iphonesimulator/PlannerApp.build/Objects-normal/arm64/TaskTemplateService.o -index-unit-output-path /PlannerApp.build/Release-iphonesimulator/PlannerApp.build/Objects-normal/arm64/TimeBlockService.o -index-unit-output-path /PlannerApp.build/Release-iphonesimulator/PlannerApp.build/Objects-normal/arm64/WorkspaceManager.o -index-unit-output-path /PlannerApp.build/Release-iphonesimulator/PlannerApp.build/Objects-normal/arm64/DarkModeSupport.o -index-unit-output-path /PlannerApp.build/Release-iphonesimulator/PlannerApp.build/Objects-normal/arm64/SyncRefreshView.o -index-unit-output-path /PlannerApp.build/Release-iphonesimulator/PlannerApp.build/Objects-normal/arm64/AppLifecycleCoordinator.o -index-unit-output-path /PlannerApp.build/Release-iphonesimulator/PlannerApp.build/Objects-normal/arm64/TaskInputView.o -index-unit-output-path /PlannerApp.build/Release-iphonesimulator/PlannerApp.build/Objects-normal/arm64/TaskListView.o -index-unit-output-path /PlannerApp.build/Release-iphonesimulator/PlannerApp.build/Objects-normal/arm64/QuickStatCard.o -index-unit-output-path /PlannerApp.build/Release-iphonesimulator/PlannerApp.build/Objects-normal/arm64/QuickActionCard.o -index-unit-output-path /PlannerApp.build/Release-iphonesimulator/PlannerApp.build/Objects-normal/arm64/TaskCardView.o -index-unit-output-path /PlannerApp.build/Release-iphonesimulator/PlannerApp.build/Objects-normal/arm64/RecordMapper.o -index-unit-output-path /PlannerApp.build/Release-iphonesimulator/PlannerApp.build/Objects-normal/arm64/ConflictResolver.o -index-unit-output-path /PlannerApp.build/Release-iphonesimulator/PlannerApp.build/Objects-normal/arm64/CalendarSyncManager.o -index-unit-output-path /PlannerApp.build/Release-iphonesimulator/PlannerApp.build/Objects-normal/arm64/SDTask.o -index-unit-output-path /PlannerApp.build/Release-iphonesimulator/PlannerApp.build/Objects-normal/arm64/SDGoal.o -index-unit-output-path /PlannerApp.build/Release-iphonesimulator/PlannerApp.build/Objects-normal/arm64/LegacyDataMigrator.o -index-unit-output-path /PlannerApp.build/Release-iphonesimulator/PlannerApp.build/Objects-normal/arm64/SwiftDataTaskManager.o -index-unit-output-path /PlannerApp.build/Release-iphonesimulator/PlannerApp.build/Objects-normal/arm64/SwiftDataGoalManager.o -index-unit-output-path /PlannerApp.build/Release-iphonesimulator/PlannerApp.build/Objects-normal/arm64/SDTaskRow.o -index-unit-output-path /PlannerApp.build/Release-iphonesimulator/PlannerApp.build/Objects-normal/arm64/SDTaskListView.o -index-unit-output-path /PlannerApp.build/Release-iphonesimulator/PlannerApp.build/Objects-normal/arm64/SDGoalRowView.o -index-unit-output-path /PlannerApp.build/Release-iphonesimulator/PlannerApp.build/Objects-normal/arm64/SDTaskRowView.o -index-unit-output-path /PlannerApp.build/Release-iphonesimulator/PlannerApp.build/Objects-normal/arm64/GeneratedAssetSymbols.o
SwiftDriver\ Compilation PlannerApp normal arm64 com.apple.xcode.tools.swift.compiler (in target 'PlannerApp' from project 'PlannerApp')
    cd /Users/danielstevens/github-projects/tools-automation/PlannerApp
    builtin-Swift-Compilation -- /Applications/Xcode.app/Contents/Developer/Toolchains/XcodeDefault.xctoolchain/usr/bin/swiftc -module-name PlannerApp -O -whole-module-optimization -enforce-exclusivity\=checked @/Users/danielstevens/Library/Developer/Xcode/DerivedData/PlannerApp-gchxksaawkyzgwdajloyqsapshop/Build/Intermediates.noindex/PlannerApp.build/Release-iphonesimulator/PlannerApp.build/Objects-normal/arm64/PlannerApp.SwiftFileList -enable-experimental-feature DebugDescriptionMacro -sdk /Applications/Xcode.app/Contents/Developer/Platforms/iPhoneSimulator.platform/Developer/SDKs/iPhoneSimulator26.2.sdk -target arm64-apple-ios26.0-simulator -g -module-cache-path /Users/danielstevens/Library/Developer/Xcode/DerivedData/ModuleCache.noindex -Xfrontend -serialize-debugging-options -profile-coverage-mapping -profile-generate -swift-version 6 -I /Users/danielstevens/Library/Developer/Xcode/DerivedData/PlannerApp-gchxksaawkyzgwdajloyqsapshop/Build/Products/Release-iphonesimulator -F /Users/danielstevens/Library/Developer/Xcode/DerivedData/PlannerApp-gchxksaawkyzgwdajloyqsapshop/Build/Products/Release-iphonesimulator -emit-localized-strings -emit-localized-strings-path /Users/danielstevens/Library/Developer/Xcode/DerivedData/PlannerApp-gchxksaawkyzgwdajloyqsapshop/Build/Intermediates.noindex/PlannerApp.build/Release-iphonesimulator/PlannerApp.build/Objects-normal/arm64 -c -num-threads 10 -Xcc -ivfsstatcache -Xcc /Users/danielstevens/Library/Developer/Xcode/DerivedData/SDKStatCaches.noindex/iphonesimulator26.2-23C57-e8867d0c40613ffc63e0238af232dc507d00a8b37fbd7999ea79df8ebc024bf0.sdkstatcache -output-file-map /Users/danielstevens/Library/Developer/Xcode/DerivedData/PlannerApp-gchxksaawkyzgwdajloyqsapshop/Build/Intermediates.noindex/PlannerApp.build/Release-iphonesimulator/PlannerApp.build/Objects-normal/arm64/PlannerApp-OutputFileMap.json -use-frontend-parseable-output -save-temps -no-color-diagnostics -explicit-module-build -module-cache-path /Users/danielstevens/Library/Developer/Xcode/DerivedData/PlannerApp-gchxksaawkyzgwdajloyqsapshop/Build/Intermediates.noindex/SwiftExplicitPrecompiledModules -clang-scanner-module-cache-path /Users/danielstevens/Library/Developer/Xcode/DerivedData/ModuleCache.noindex -sdk-module-cache-path /Users/danielstevens/Library/Developer/Xcode/DerivedData/ModuleCache.noindex -serialize-diagnostics -emit-dependencies -emit-module -emit-module-path /Users/danielstevens/Library/Developer/Xcode/DerivedData/PlannerApp-gchxksaawkyzgwdajloyqsapshop/Build/Intermediates.noindex/PlannerApp.build/Release-iphonesimulator/PlannerApp.build/Objects-normal/arm64/PlannerApp.swiftmodule -validate-clang-modules-once -clang-build-session-file /Users/danielstevens/Library/Developer/Xcode/DerivedData/ModuleCache.noindex/Session.modulevalidation -Xcc -I/Users/danielstevens/Library/Developer/Xcode/DerivedData/PlannerApp-gchxksaawkyzgwdajloyqsapshop/Build/Intermediates.noindex/PlannerApp.build/Release-iphonesimulator/PlannerApp.build/swift-overrides.hmap -emit-const-values -Xfrontend -const-gather-protocols-file -Xfrontend /Users/danielstevens/Library/Developer/Xcode/DerivedData/PlannerApp-gchxksaawkyzgwdajloyqsapshop/Build/Intermediates.noindex/PlannerApp.build/Release-iphonesimulator/PlannerApp.build/Objects-normal/arm64/PlannerApp_const_extract_protocols.json -Xcc -iquote -Xcc /Users/danielstevens/Library/Developer/Xcode/DerivedData/PlannerApp-gchxksaawkyzgwdajloyqsapshop/Build/Intermediates.noindex/PlannerApp.build/Release-iphonesimulator/PlannerApp.build/PlannerApp-generated-files.hmap -Xcc -I/Users/danielstevens/Library/Developer/Xcode/DerivedData/PlannerApp-gchxksaawkyzgwdajloyqsapshop/Build/Intermediates.noindex/PlannerApp.build/Release-iphonesimulator/PlannerApp.build/PlannerApp-own-target-headers.hmap -Xcc -I/Users/danielstevens/Library/Developer/Xcode/DerivedData/PlannerApp-gchxksaawkyzgwdajloyqsapshop/Build/Intermediates.noindex/PlannerApp.build/Release-iphonesimulator/PlannerApp.build/PlannerApp-all-target-headers.hmap -Xcc -iquote -Xcc /Users/danielstevens/Library/Developer/Xcode/DerivedData/PlannerApp-gchxksaawkyzgwdajloyqsapshop/Build/Intermediates.noindex/PlannerApp.build/Release-iphonesimulator/PlannerApp.build/PlannerApp-project-headers.hmap -Xcc -I/Users/danielstevens/Library/Developer/Xcode/DerivedData/PlannerApp-gchxksaawkyzgwdajloyqsapshop/Build/Products/Release-iphonesimulator/include -Xcc -I/Users/danielstevens/Library/Developer/Xcode/DerivedData/PlannerApp-gchxksaawkyzgwdajloyqsapshop/Build/Intermediates.noindex/PlannerApp.build/Release-iphonesimulator/PlannerApp.build/DerivedSources-normal/arm64 -Xcc -I/Users/danielstevens/Library/Developer/Xcode/DerivedData/PlannerApp-gchxksaawkyzgwdajloyqsapshop/Build/Intermediates.noindex/PlannerApp.build/Release-iphonesimulator/PlannerApp.build/DerivedSources/arm64 -Xcc -I/Users/danielstevens/Library/Developer/Xcode/DerivedData/PlannerApp-gchxksaawkyzgwdajloyqsapshop/Build/Intermediates.noindex/PlannerApp.build/Release-iphonesimulator/PlannerApp.build/DerivedSources -emit-objc-header -emit-objc-header-path /Users/danielstevens/Library/Developer/Xcode/DerivedData/PlannerApp-gchxksaawkyzgwdajloyqsapshop/Build/Intermediates.noindex/PlannerApp.build/Release-iphonesimulator/PlannerApp.build/Objects-normal/arm64/PlannerApp-Swift.h -working-directory /Users/danielstevens/github-projects/tools-automation/PlannerApp -no-emit-module-separately-wmo

** BUILD FAILED **


The following build commands failed:
	CompileSwift normal arm64 (in target 'PlannerApp' from project 'PlannerApp')
	SwiftCompile normal arm64 Compiling\ GoalDataManager.swift,\ SettingsView.swift,\ JournalView.swift,\ CalendarView.swift,\ DataManagerError.swift,\ JournalDetailView.swift,\ DashboardView.swift,\ JournalEntry.swift,\ TaskManagerView.swift,\ AppSettingKeys.swift,\ Theme.swift,\ PlannerApp.swift,\ AddCalendarEventView.swift,\ AddGoalView.swift,\ PlatformAdaptiveNavigation.swift,\ CloudKitEnhancements.swift,\ CloudKitSyncView.swift,\ CloudKitManager.swift,\ CloudKitOnboardingView.swift,\ SyncStatusView.swift,\ iOSAdaptivePopups.swift,\ ModernCard.swift,\ DashboardViewModel.swift,\ ThemeManager.swift,\ Goal.swift,\ CalendarEvent.swift,\ GoalsView.swift,\ AddJournalEntryView.swift,\ Task.swift,\ MainTabView.swift,\ SentimentBadge.swift,\ SentimentAnalyticsView.swift,\ AccessibilityEnhancements.swift,\ CloudKitMigrationHelper.swift,\ EnhancedCloudKitManager.swift,\ EnhancedPlatformNavigation.swift,\ VisualEnhancements.swift,\ PlatformFeatures.swift,\ ModernThemes.swift,\ CalendarComponents.swift,\ CalendarGrid.swift,\ DateSectionView.swift,\ EventRowView.swift,\ GoalRowView.swift,\ TaskRowView.swift,\ NotificationExtensions.swift,\ NetworkMonitor.swift,\ ThemePreviewView.swift,\ GoalsHeaderView.swift,\ GoalsListView.swift,\ JournalDataManager.swift,\ ProgressUpdateSheet.swift,\ CalendarDataManager.swift,\ TaskDataManager.swift,\ GoalsEmptyStateView.swift,\ GoalItemView.swift,\ JournalEmptyStateView.swift,\ JournalHeaderView.swift,\ JournalListView.swift,\ JournalRow.swift,\ TaskRow.swift,\ UpcomingItemView.swift,\ TaskManagerHeaderView.swift,\ AppIntents.swift,\ RecurringTaskTemplates.swift,\ AccessControl.swift,\ BackupManager.swift,\ CalendarSyncService.swift,\ ConflictDetector.swift,\ FocusModeManager.swift,\ NetworkSecurityPolicy.swift,\ PomodoroTimer.swift,\ PriorityManager.swift,\ ProductivityAnalytics.swift,\ TagManager.swift,\ TaskDependencyService.swift,\ TaskTemplateService.swift,\ TimeBlockService.swift,\ WorkspaceManager.swift,\ DarkModeSupport.swift,\ SyncRefreshView.swift,\ AppLifecycleCoordinator.swift,\ TaskInputView.swift,\ TaskListView.swift,\ QuickStatCard.swift,\ QuickActionCard.swift,\ TaskCardView.swift,\ RecordMapper.swift,\ ConflictResolver.swift,\ CalendarSyncManager.swift,\ SDTask.swift,\ SDGoal.swift,\ LegacyDataMigrator.swift,\ SwiftDataTaskManager.swift,\ SwiftDataGoalManager.swift,\ SDTaskRow.swift,\ SDTaskListView.swift,\ SDGoalRowView.swift,\ SDTaskRowView.swift,\ GeneratedAssetSymbols.swift /Users/danielstevens/github-projects/tools-automation/PlannerApp/DataManagers/GoalDataManager.swift /Users/danielstevens/github-projects/tools-automation/PlannerApp/Views/Settings/SettingsView.swift /Users/danielstevens/github-projects/tools-automation/PlannerApp/Views/Journal/JournalView.swift /Users/danielstevens/github-projects/tools-automation/PlannerApp/Views/Calendar/CalendarView.swift /Users/danielstevens/github-projects/tools-automation/PlannerApp/DataManagers/DataManagerError.swift /Users/danielstevens/github-projects/tools-automation/PlannerApp/Views/Journal/JournalDetailView.swift /Users/danielstevens/github-projects/tools-automation/PlannerApp/MainApp/DashboardView.swift /Users/danielstevens/github-projects/tools-automation/PlannerApp/Models/JournalEntry.swift /Users/danielstevens/github-projects/tools-automation/PlannerApp/Views/Tasks/TaskManagerView.swift /Users/danielstevens/github-projects/tools-automation/PlannerApp/Utilities/AppSettingKeys.swift /Users/danielstevens/github-projects/tools-automation/PlannerApp/Styling/Theme.swift /Users/danielstevens/github-projects/tools-automation/PlannerApp/MainApp/PlannerApp.swift /Users/danielstevens/github-projects/tools-automation/PlannerApp/Views/Calendar/AddCalendarEventView.swift /Users/danielstevens/github-projects/tools-automation/PlannerApp/Views/Goals/AddGoalView.swift /Users/danielstevens/github-projects/tools-automation/PlannerApp/Components/PlatformAdaptiveNavigation.swift /Users/danielstevens/github-projects/tools-automation/PlannerApp/CloudKit/CloudKitEnhancements.swift /Users/danielstevens/github-projects/tools-automation/PlannerApp/CloudKit/CloudKitSyncView.swift /Users/danielstevens/github-projects/tools-automation/PlannerApp/CloudKit/CloudKitManager.swift /Users/danielstevens/github-projects/tools-automation/PlannerApp/CloudKit/CloudKitOnboardingView.swift /Users/danielstevens/github-projects/tools-automation/PlannerApp/Components/SyncStatusView.swift /Users/danielstevens/github-projects/tools-automation/PlannerApp/Components/iOSAdaptivePopups.swift /Users/danielstevens/github-projects/tools-automation/PlannerApp/Components/ModernCard.swift /Users/danielstevens/github-projects/tools-automation/PlannerApp/ViewModels/DashboardViewModel.swift /Users/danielstevens/github-projects/tools-automation/PlannerApp/Styling/ThemeManager.swift /Users/danielstevens/github-projects/tools-automation/PlannerApp/Models/Goal.swift /Users/danielstevens/github-projects/tools-automation/PlannerApp/Models/CalendarEvent.swift /Users/danielstevens/github-projects/tools-automation/PlannerApp/Views/Goals/GoalsView.swift /Users/danielstevens/github-projects/tools-automation/PlannerApp/Views/Journal/AddJournalEntryView.swift /Users/danielstevens/github-projects/tools-automation/PlannerApp/Models/Task.swift /Users/danielstevens/github-projects/tools-automation/PlannerApp/MainApp/MainTabView.swift /Users/danielstevens/github-projects/tools-automation/PlannerApp/Components/SentimentBadge.swift /Users/danielstevens/github-projects/tools-automation/PlannerApp/Views/Journal/SentimentAnalyticsView.swift /Users/danielstevens/github-projects/tools-automation/PlannerApp/Accessibility/AccessibilityEnhancements.swift /Users/danielstevens/github-projects/tools-automation/PlannerApp/CloudKit/CloudKitMigrationHelper.swift /Users/danielstevens/github-projects/tools-automation/PlannerApp/CloudKit/EnhancedCloudKitManager.swift /Users/danielstevens/github-projects/tools-automation/PlannerApp/Components/EnhancedPlatformNavigation.swift /Users/danielstevens/github-projects/tools-automation/PlannerApp/Components/VisualEnhancements.swift /Users/danielstevens/github-projects/tools-automation/PlannerApp/Platform/PlatformFeatures.swift /Users/danielstevens/github-projects/tools-automation/PlannerApp/Styling/ModernThemes.swift /Users/danielstevens/github-projects/tools-automation/PlannerApp/Views/Calendar/CalendarComponents.swift /Users/danielstevens/github-projects/tools-automation/PlannerApp/Views/Calendar/CalendarGrid.swift /Users/danielstevens/github-projects/tools-automation/PlannerApp/Views/Calendar/DateSectionView.swift /Users/danielstevens/github-projects/tools-automation/PlannerApp/Views/Calendar/EventRowView.swift /Users/danielstevens/github-projects/tools-automation/PlannerApp/Views/Calendar/GoalRowView.swift /Users/danielstevens/github-projects/tools-automation/PlannerApp/Views/Calendar/TaskRowView.swift /Users/danielstevens/github-projects/tools-automation/PlannerApp/Utilities/NotificationExtensions.swift /Users/danielstevens/github-projects/tools-automation/PlannerApp/Utilities/NetworkMonitor.swift /Users/danielstevens/github-projects/tools-automation/PlannerApp/Views/Settings/ThemePreviewView.swift /Users/danielstevens/github-projects/tools-automation/PlannerApp/Components/Goals/GoalsHeaderView.swift /Users/danielstevens/github-projects/tools-automation/PlannerApp/Components/Goals/GoalsListView.swift /Users/danielstevens/github-projects/tools-automation/PlannerApp/DataManagers/JournalDataManager.swift /Users/danielstevens/github-projects/tools-automation/PlannerApp/Components/Goals/ProgressUpdateSheet.swift /Users/danielstevens/github-projects/tools-automation/PlannerApp/DataManagers/CalendarDataManager.swift /Users/danielstevens/github-projects/tools-automation/PlannerApp/DataManagers/TaskDataManager.swift /Users/danielstevens/github-projects/tools-automation/PlannerApp/Components/Goals/GoalsEmptyStateView.swift /Users/danielstevens/github-projects/tools-automation/PlannerApp/Components/Goals/GoalItemView.swift /Users/danielstevens/github-projects/tools-automation/PlannerApp/Components/Journal/JournalEmptyStateView.swift /Users/danielstevens/github-projects/tools-automation/PlannerApp/Components/Journal/JournalHeaderView.swift /Users/danielstevens/github-projects/tools-automation/PlannerApp/Components/Journal/JournalListView.swift /Users/danielstevens/github-projects/tools-automation/PlannerApp/Components/Journal/JournalRow.swift /Users/danielstevens/github-projects/tools-automation/PlannerApp/Components/Tasks/TaskRow.swift /Users/danielstevens/github-projects/tools-automation/PlannerApp/Components/Dashboard/UpcomingItemView.swift /Users/danielstevens/github-projects/tools-automation/PlannerApp/Components/Tasks/TaskManagerHeaderView.swift /Users/danielstevens/github-projects/tools-automation/PlannerApp/PlannerApp/Intents/AppIntents.swift /Users/danielstevens/github-projects/tools-automation/PlannerApp/PlannerApp/Models/RecurringTaskTemplates.swift /Users/danielstevens/github-projects/tools-automation/PlannerApp/PlannerApp/Services/AccessControl.swift /Users/danielstevens/github-projects/tools-automation/PlannerApp/PlannerApp/Services/BackupManager.swift /Users/danielstevens/github-projects/tools-automation/PlannerApp/PlannerApp/Services/CalendarSyncService.swift /Users/danielstevens/github-projects/tools-automation/PlannerApp/PlannerApp/Services/ConflictDetector.swift /Users/danielstevens/github-projects/tools-automation/PlannerApp/PlannerApp/Services/FocusModeManager.swift /Users/danielstevens/github-projects/tools-automation/PlannerApp/PlannerApp/Services/NetworkSecurityPolicy.swift /Users/danielstevens/github-projects/tools-automation/PlannerApp/PlannerApp/Services/PomodoroTimer.swift /Users/danielstevens/github-projects/tools-automation/PlannerApp/PlannerApp/Services/PriorityManager.swift /Users/danielstevens/github-projects/tools-automation/PlannerApp/PlannerApp/Services/ProductivityAnalytics.swift /Users/danielstevens/github-projects/tools-automation/PlannerApp/PlannerApp/Services/TagManager.swift /Users/danielstevens/github-projects/tools-automation/PlannerApp/PlannerApp/Services/TaskDependencyService.swift /Users/danielstevens/github-projects/tools-automation/PlannerApp/PlannerApp/Services/TaskTemplateService.swift /Users/danielstevens/github-projects/tools-automation/PlannerApp/PlannerApp/Services/TimeBlockService.swift /Users/danielstevens/github-projects/tools-automation/PlannerApp/PlannerApp/Services/WorkspaceManager.swift /Users/danielstevens/github-projects/tools-automation/PlannerApp/PlannerApp/Utilities/DarkModeSupport.swift /Users/danielstevens/github-projects/tools-automation/PlannerApp/PlannerApp/Views/Common/SyncRefreshView.swift /Users/danielstevens/github-projects/tools-automation/PlannerApp/PlannerApp/AppLifecycleCoordinator.swift /Users/danielstevens/github-projects/tools-automation/PlannerApp/Views/Tasks/TaskInputView.swift /Users/danielstevens/github-projects/tools-automation/PlannerApp/Components/Tasks/TaskListView.swift /Users/danielstevens/github-projects/tools-automation/PlannerApp/Components/Dashboard/QuickStatCard.swift /Users/danielstevens/github-projects/tools-automation/PlannerApp/Components/Dashboard/QuickActionCard.swift /Users/danielstevens/github-projects/tools-automation/PlannerApp/Views/Tasks/TaskCardView.swift /Users/danielstevens/github-projects/tools-automation/PlannerApp/CloudKit/Mappers/RecordMapper.swift /Users/danielstevens/github-projects/tools-automation/PlannerApp/CloudKit/ConflictResolver.swift /Users/danielstevens/github-projects/tools-automation/PlannerApp/Sync/CalendarSyncManager.swift /Users/danielstevens/github-projects/tools-automation/PlannerApp/Models/SDTask.swift /Users/danielstevens/github-projects/tools-automation/PlannerApp/Models/SDGoal.swift /Users/danielstevens/github-projects/tools-automation/PlannerApp/Utilities/LegacyDataMigrator.swift /Users/danielstevens/github-projects/tools-automation/PlannerApp/DataManagers/SwiftDataTaskManager.swift /Users/danielstevens/github-projects/tools-automation/PlannerApp/DataManagers/SwiftDataGoalManager.swift /Users/danielstevens/github-projects/tools-automation/PlannerApp/Components/Tasks/SDTaskRow.swift /Users/danielstevens/github-projects/tools-automation/PlannerApp/Components/Tasks/SDTaskListView.swift /Users/danielstevens/github-projects/tools-automation/PlannerApp/Views/Calendar/SDGoalRowView.swift /Users/danielstevens/github-projects/tools-automation/PlannerApp/Views/Calendar/SDTaskRowView.swift /Users/danielstevens/Library/Developer/Xcode/DerivedData/PlannerApp-gchxksaawkyzgwdajloyqsapshop/Build/Intermediates.noindex/PlannerApp.build/Release-iphonesimulator/PlannerApp.build/DerivedSources/GeneratedAssetSymbols.swift /Applications/Xcode.app/Contents/Developer/Toolchains/XcodeDefault.xctoolchain/usr/lib/swift/iphonesimulator/prebuilt-modules/26.2/CoreGraphics.swiftmodule/arm64-apple-ios-simulator.swiftmodule /Applications/Xcode.app/Contents/Developer/Toolchains/XcodeDefault.xctoolchain/usr/lib/swift/iphonesimulator/prebuilt-modules/26.2/EventKit.swiftmodule/arm64-apple-ios-simulator.swiftmodule /Applications/Xcode.app/Contents/Developer/Toolchains/XcodeDefault.xctoolchain/usr/lib/swift/iphonesimulator/prebuilt-modules/26.2/DeveloperToolsSupport.swiftmodule/arm64-apple-ios-simulator.swiftmodule /Applications/Xcode.app/Contents/Developer/Toolchains/XcodeDefault.xctoolchain/usr/lib/swift/iphonesimulator/prebuilt-modules/26.2/Symbols.swiftmodule/arm64-apple-ios-simulator.swiftmodule /Applications/Xcode.app/Contents/Developer/Toolchains/XcodeDefault.xctoolchain/usr/lib/swift/iphonesimulator/prebuilt-modules/26.2/CoreVideo.swiftmodule/arm64-apple-ios-simulator.swiftmodule /Applications/Xcode.app/Contents/Developer/Toolchains/XcodeDefault.xctoolchain/usr/lib/swift/iphonesimulator/prebuilt-modules/26.2/CoreFoundation.swiftmodule/arm64-apple-ios-simulator.swiftmodule /Applications/Xcode.app/Contents/Developer/Toolchains/XcodeDefault.xctoolchain/usr/lib/swift/iphonesimulator/prebuilt-modules/26.2/Observation.swiftmodule/arm64-apple-ios-simulator.swiftmodule /Applications/Xcode.app/Contents/Developer/Toolchains/XcodeDefault.xctoolchain/usr/lib/swift/iphonesimulator/prebuilt-modules/26.2/CoreData.swiftmodule/arm64-apple-ios-simulator.swiftmodule /Applications/Xcode.app/Contents/Developer/Toolchains/XcodeDefault.xctoolchain/usr/lib/swift/iphonesimulator/prebuilt-modules/26.2/LocalAuthentication.swiftmodule/arm64-apple-ios-simulator.swiftmodule /Applications/Xcode.app/Contents/Developer/Toolchains/XcodeDefault.xctoolchain/usr/lib/swift/iphonesimulator/prebuilt-modules/26.2/_DarwinFoundation2.swiftmodule/arm64-apple-ios-simulator.swiftmodule /Applications/Xcode.app/Contents/Developer/Toolchains/XcodeDefault.xctoolchain/usr/lib/swift/iphonesimulator/prebuilt-modules/26.2/Accessibility.swiftmodule/arm64-apple-ios-simulator.swiftmodule /Applications/Xcode.app/Contents/Developer/Toolchains/XcodeDefault.xctoolchain/usr/lib/swift/iphonesimulator/prebuilt-modules/26.2/QuartzCore.swiftmodule/arm64-apple-ios-simulator.swiftmodule /Applications/Xcode.app/Contents/Developer/Toolchains/XcodeDefault.xctoolchain/usr/lib/swift/iphonesimulator/prebuilt-modules/26.2/Metal.swiftmodule/arm64-apple-ios-simulator.swiftmodule /Applications/Xcode.app/Contents/Developer/Toolchains/XcodeDefault.xctoolchain/usr/lib/swift/iphonesimulator/prebuilt-modules/26.2/XPC.swiftmodule/arm64-apple-ios-simulator.swiftmodule /Applications/Xcode.app/Contents/Developer/Toolchains/XcodeDefault.xctoolchain/usr/lib/swift/iphonesimulator/prebuilt-modules/26.2/_Builtin_float.swiftmodule/arm64-apple-ios-simulator.swiftmodule /Applications/Xcode.app/Contents/Developer/Toolchains/XcodeDefault.xctoolchain/usr/lib/swift/iphonesimulator/prebuilt-modules/26.2/UIKit.swiftmodule/arm64-apple-ios-simulator.swiftmodule /Applications/Xcode.app/Contents/Developer/Toolchains/XcodeDefault.xctoolchain/usr/lib/swift/iphonesimulator/prebuilt-modules/26.2/ObjectiveC.swiftmodule/arm64-apple-ios-simulator.swiftmodule /Applications/Xcode.app/Contents/Developer/Toolchains/XcodeDefault.xctoolchain/usr/lib/swift/iphonesimulator/prebuilt-modules/26.2/_StringProcessing.swiftmodule/arm64-apple-ios-simulator.swiftmodule /Applications/Xcode.app/Contents/Developer/Toolchains/XcodeDefault.xctoolchain/usr/lib/swift/iphonesimulator/prebuilt-modules/26.2/_DarwinFoundation1.swiftmodule/arm64-apple-ios-simulator.swiftmodule /Applications/Xcode.app/Contents/Developer/Toolchains/XcodeDefault.xctoolchain/usr/lib/swift/iphonesimulator/prebuilt-modules/26.2/simd.swiftmodule/arm64-apple-ios-simulator.swiftmodule /Applications/Xcode.app/Contents/Developer/Toolchains/XcodeDefault.xctoolchain/usr/lib/swift/iphonesimulator/prebuilt-modules/26.2/_SwiftData_SwiftUI.swiftmodule/arm64-apple-ios-simulator.swiftmodule /Applications/Xcode.app/Contents/Developer/Toolchains/XcodeDefault.xctoolchain/usr/lib/swift/iphonesimulator/prebuilt-modules/26.2/_Concurrency.swiftmodule/arm64-apple-ios-simulator.swiftmodule /Applications/Xcode.app/Contents/Developer/Toolchains/XcodeDefault.xctoolchain/usr/lib/swift/iphonesimulator/prebuilt-modules/26.2/SwiftData.swiftmodule/arm64-apple-ios-simulator.swiftmodule /Applications/Xcode.app/Contents/Developer/Toolchains/XcodeDefault.xctoolchain/usr/lib/swift/iphonesimulator/prebuilt-modules/26.2/System.swiftmodule/arm64-apple-ios-simulator.swiftmodule /Applications/Xcode.app/Contents/Developer/Toolchains/XcodeDefault.xctoolchain/usr/lib/swift/iphonesimulator/prebuilt-modules/26.2/SwiftUI.swiftmodule/arm64-apple-ios-simulator.swiftmodule /Applications/Xcode.app/Contents/Developer/Toolchains/XcodeDefault.xctoolchain/usr/lib/swift/iphonesimulator/prebuilt-modules/26.2/Charts.swiftmodule/arm64-apple-ios-simulator.swiftmodule /Applications/Xcode.app/Contents/Developer/Toolchains/XcodeDefault.xctoolchain/usr/lib/swift/iphonesimulator/prebuilt-modules/26.2/CoreLocation.swiftmodule/arm64-apple-ios-simulator.swiftmodule /Applications/Xcode.app/Contents/Developer/Toolchains/XcodeDefault.xctoolchain/usr/lib/swift/iphonesimulator/prebuilt-modules/26.2/_AppIntents_SwiftUI.swiftmodule/arm64-apple-ios-simulator.swiftmodule /Applications/Xcode.app/Contents/Developer/Toolchains/XcodeDefault.xctoolchain/usr/lib/swift/iphonesimulator/prebuilt-modules/26.2/CoreImage.swiftmodule/arm64-apple-ios-simulator.swiftmodule /Applications/Xcode.app/Contents/Developer/Toolchains/XcodeDefault.xctoolchain/usr/lib/swift/iphonesimulator/prebuilt-modules/26.2/Spatial.swiftmodule/arm64-apple-ios-simulator.swiftmodule /Applications/Xcode.app/Contents/Developer/Toolchains/XcodeDefault.xctoolchain/usr/lib/swift/iphonesimulator/prebuilt-modules/26.2/ExtensionFoundation.swiftmodule/arm64-apple-ios-simulator.swiftmodule /Applications/Xcode.app/Contents/Developer/Toolchains/XcodeDefault.xctoolchain/usr/lib/swift/iphonesimulator/prebuilt-modules/26.2/Intents.swiftmodule/arm64-apple-ios-simulator.swiftmodule /Applications/Xcode.app/Contents/Developer/Toolchains/XcodeDefault.xctoolchain/usr/lib/swift/iphonesimulator/prebuilt-modules/26.2/SwiftOnoneSupport.swiftmodule/arm64-apple-ios-simulator.swiftmodule /Applications/Xcode.app/Contents/Developer/Toolchains/XcodeDefault.xctoolchain/usr/lib/swift/iphonesimulator/prebuilt-modules/26.2/HealthKit.swiftmodule/arm64-apple-ios-simulator.swiftmodule /Applications/Xcode.app/Contents/Developer/Toolchains/XcodeDefault.xctoolchain/usr/lib/swift/iphonesimulator/prebuilt-modules/26.2/Darwin.swiftmodule/arm64-apple-ios-simulator.swiftmodule /Applications/Xcode.app/Contents/Developer/Toolchains/XcodeDefault.xctoolchain/usr/lib/swift/iphonesimulator/prebuilt-modules/26.2/Dispatch.swiftmodule/arm64-apple-ios-simulator.swiftmodule /Applications/Xcode.app/Contents/Developer/Toolchains/XcodeDefault.xctoolchain/usr/lib/swift/iphonesimulator/prebuilt-modules/26.2/Network.swiftmodule/arm64-apple-ios-simulator.swiftmodule /Applications/Xcode.app/Contents/Developer/Toolchains/XcodeDefault.xctoolchain/usr/lib/swift/iphonesimulator/prebuilt-modules/26.2/Swift.swiftmodule/arm64-apple-ios-simulator.swiftmodule /Applications/Xcode.app/Contents/Developer/Toolchains/XcodeDefault.xctoolchain/usr/lib/swift/iphonesimulator/prebuilt-modules/26.2/CoreText.swiftmodule/arm64-apple-ios-simulator.swiftmodule /Applications/Xcode.app/Contents/Developer/Toolchains/XcodeDefault.xctoolchain/usr/lib/swift/iphonesimulator/prebuilt-modules/26.2/SwiftUICore.swiftmodule/arm64-apple-ios-simulator.swiftmodule /Applications/Xcode.app/Contents/Developer/Toolchains/XcodeDefault.xctoolchain/usr/lib/swift/iphonesimulator/prebuilt-modules/26.2/AppIntents.swiftmodule/arm64-apple-ios-simulator.swiftmodule /Applications/Xcode.app/Contents/Developer/Toolchains/XcodeDefault.xctoolchain/usr/lib/swift/iphonesimulator/prebuilt-modules/26.2/CloudKit.swiftmodule/arm64-apple-ios-simulator.swiftmodule /Applications/Xcode.app/Contents/Developer/Toolchains/XcodeDefault.xctoolchain/usr/lib/swift/iphonesimulator/prebuilt-modules/26.2/Combine.swiftmodule/arm64-apple-ios-simulator.swiftmodule /Applications/Xcode.app/Contents/Developer/Toolchains/XcodeDefault.xctoolchain/usr/lib/swift/iphonesimulator/prebuilt-modules/26.2/Distributed.swiftmodule/arm64-apple-ios-simulator.swiftmodule /Applications/Xcode.app/Contents/Developer/Toolchains/XcodeDefault.xctoolchain/usr/lib/swift/iphonesimulator/prebuilt-modules/26.2/FileProvider.swiftmodule/arm64-apple-ios-simulator.swiftmodule /Applications/Xcode.app/Contents/Developer/Toolchains/XcodeDefault.xctoolchain/usr/lib/swift/iphonesimulator/prebuilt-modules/26.2/Foundation.swiftmodule/arm64-apple-ios-simulator.swiftmodule /Applications/Xcode.app/Contents/Developer/Toolchains/XcodeDefault.xctoolchain/usr/lib/swift/iphonesimulator/prebuilt-modules/26.2/WidgetKit.swiftmodule/arm64-apple-ios-simulator.swiftmodule /Applications/Xcode.app/Contents/Developer/Toolchains/XcodeDefault.xctoolchain/usr/lib/swift/iphonesimulator/prebuilt-modules/26.2/CoreTransferable.swiftmodule/arm64-apple-ios-simulator.swiftmodule /Applications/Xcode.app/Contents/Developer/Toolchains/XcodeDefault.xctoolchain/usr/lib/swift/iphonesimulator/prebuilt-modules/26.2/ActivityKit.swiftmodule/arm64-apple-ios-simulator.swiftmodule /Applications/Xcode.app/Contents/Developer/Toolchains/XcodeDefault.xctoolchain/usr/lib/swift/iphonesimulator/prebuilt-modules/26.2/_DarwinFoundation3.swiftmodule/arm64-apple-ios-simulator.swiftmodule /Applications/Xcode.app/Contents/Developer/Toolchains/XcodeDefault.xctoolchain/usr/lib/swift/iphonesimulator/prebuilt-modules/26.2/os.swiftmodule/arm64-apple-ios-simulator.swiftmodule /Applications/Xcode.app/Contents/Developer/Toolchains/XcodeDefault.xctoolchain/usr/lib/swift/iphonesimulator/prebuilt-modules/26.2/DataDetection.swiftmodule/arm64-apple-ios-simulator.swiftmodule /Applications/Xcode.app/Contents/Developer/Toolchains/XcodeDefault.xctoolchain/usr/lib/swift/iphonesimulator/prebuilt-modules/26.2/RelevanceKit.swiftmodule/arm64-apple-ios-simulator.swiftmodule /Applications/Xcode.app/Contents/Developer/Toolchains/XcodeDefault.xctoolchain/usr/lib/swift/iphonesimulator/prebuilt-modules/26.2/CoreSpotlight.swiftmodule/arm64-apple-ios-simulator.swiftmodule /Applications/Xcode.app/Contents/Developer/Toolchains/XcodeDefault.xctoolchain/usr/lib/swift/iphonesimulator/prebuilt-modules/26.2/UniformTypeIdentifiers.swiftmodule/arm64-apple-ios-simulator.swiftmodule /Applications/Xcode.app/Contents/Developer/Toolchains/XcodeDefault.xctoolchain/usr/lib/swift/iphonesimulator/prebuilt-modules/26.2/OSLog.swiftmodule/arm64-apple-ios-simulator.swiftmodule /Users/danielstevens/Library/Developer/Xcode/DerivedData/ModuleCache.noindex/SwiftUICore-2NXKJFYDRK4SOO41Y1PTLNBD8.pcm /Users/danielstevens/Library/Developer/Xcode/DerivedData/ModuleCache.noindex/CoreGraphics-6STUQ1DHEX676IUME3ZMV237Q.pcm /Users/danielstevens/Library/Developer/Xcode/DerivedData/ModuleCache.noindex/CloudKit-99E5ZZABIY7DB0G5MIK305MIU.pcm /Users/danielstevens/Library/Developer/Xcode/DerivedData/ModuleCache.noindex/ExtensionFoundation-9PGBV92OUZC9U8NE1KRXNXQDF.pcm /Users/danielstevens/Library/Developer/Xcode/DerivedData/ModuleCache.noindex/DataDetection-9UPQAPTXZB08PHIWGDEPEYKP6.pcm /Users/danielstevens/Library/Developer/Xcode/DerivedData/ModuleCache.noindex/AddressBook-CTJ15EOW2T5GEOIT2V8SHO1GN.pcm /Users/danielstevens/Library/Developer/Xcode/DerivedData/ModuleCache.noindex/SwiftShims-3YUHPRMPN08PWBKR5A2MHFRI5.pcm /Users/danielstevens/Library/Developer/Xcode/DerivedData/ModuleCache.noindex/ptrauth-EMJA0CR4UGTBK7D3XZ4L49ULV.pcm /Users/danielstevens/Library/Developer/Xcode/DerivedData/ModuleCache.noindex/CoreVideo-39TUMDFBNN0SZYHIXKKHCI1OB.pcm /Users/danielstevens/Library/Developer/Xcode/DerivedData/ModuleCache.noindex/EventKit-A3GU257S417DUQ9RBPKABMID6.pcm /Users/danielstevens/Library/Developer/Xcode/DerivedData/ModuleCache.noindex/Intents-6PFET92R9E9K99SS5X25V72CF.pcm /Users/danielstevens/Library/Developer/Xcode/DerivedData/ModuleCache.noindex/_Builtin_stdarg-21B3JQ0OT2BEKHRNYUEK1AO6M.pcm /Users/danielstevens/Library/Developer/Xcode/DerivedData/ModuleCache.noindex/_Builtin_stdbool-86GZQVOC072RVC9ARACTQLRGS.pcm /Users/danielstevens/Library/Developer/Xcode/DerivedData/ModuleCache.noindex/Darwin-E47K33LPGW2T5EPM2NW8QNEZ2.pcm /Users/danielstevens/Library/Developer/Xcode/DerivedData/ModuleCache.noindex/WidgetKit-9ENH9AWFJT3CFH3Z6FR9SRAFG.pcm /Users/danielstevens/Library/Developer/Xcode/DerivedData/ModuleCache.noindex/simd-AQNBUWBAQZVUB30Y9MBZD7ODT.pcm /Users/danielstevens/Library/Developer/Xcode/DerivedData/ModuleCache.noindex/_SwiftConcurrencyShims-7FTG4IMS9BYNZ59WRTEIWYFIS.pcm /Users/danielstevens/Library/Developer/Xcode/DerivedData/ModuleCache.noindex/Accessibility-6N69U0OT53NMOPA4DWO2801LY.pcm /Users/danielstevens/Library/Developer/Xcode/DerivedData/ModuleCache.noindex/MachO-N183ZIHH45GVCCPKXAA6PD1B.pcm /Users/danielstevens/Library/Developer/Xcode/DerivedData/ModuleCache.noindex/dnssd-E3U4EINR5XTNRFEH2ZRKKOWDQ.pcm /Users/danielstevens/Library/Developer/Xcode/DerivedData/ModuleCache.noindex/DeveloperToolsSupport-UGVZQIK8OEJVDFCB9SL5UBPZ.pcm /Users/danielstevens/Library/Developer/Xcode/DerivedData/ModuleCache.noindex/UniformTypeIdentifiers-TC7477H2GXUTQX3XTZAGALG9.pcm /Users/danielstevens/Library/Developer/Xcode/DerivedData/ModuleCache.noindex/_DarwinFoundation2-3IZG8R8GL1SL2DE2V8XK6FYRN.pcm /Users/danielstevens/Library/Developer/Xcode/DerivedData/ModuleCache.noindex/sys_types-DXMX6FN4C4H3MKHKOYWUN2XS.pcm /Users/danielstevens/Library/Developer/Xcode/DerivedData/ModuleCache.noindex/_Builtin_intrinsics-3E2YNRQGWUHWQTYMHIJWT3VNM.pcm /Users/danielstevens/Library/Developer/Xcode/DerivedData/ModuleCache.noindex/Security-BLWQP0Z6WAEJEFAM7FMLQRE97.pcm /Users/danielstevens/Library/Developer/Xcode/DerivedData/ModuleCache.noindex/OpenGLES-9ADV7O82AMY0PTV3K2MNW7D02.pcm /Users/danielstevens/Library/Developer/Xcode/DerivedData/ModuleCache.noindex/ObjectiveC-92SFLPVKZ3IGQPH7DY4DXLDT.pcm /Users/danielstevens/Library/Developer/Xcode/DerivedData/ModuleCache.noindex/CoreText-85ADAIN01EAHA0ILIMDLYSN9T.pcm /Users/danielstevens/Library/Developer/Xcode/DerivedData/ModuleCache.noindex/SwiftUI-9ZOJK5B7E9C48W0LVC732XZTI.pcm /Users/danielstevens/Library/Developer/Xcode/DerivedData/ModuleCache.noindex/_Builtin_inttypes-12G0EGQRF4BK11ZIN31OP6S9.pcm /Users/danielstevens/Library/Developer/Xcode/DerivedData/ModuleCache.noindex/_Builtin_limits-AWXJ3EOWZER2P2OQ8TDD2N3UB.pcm /Users/danielstevens/Library/Developer/Xcode/DerivedData/ModuleCache.noindex/Spatial-5ZH3B8HOCAOHXFFAKK4UILMBG.pcm /Users/danielstevens/Library/Developer/Xcode/DerivedData/ModuleCache.noindex/Metal-ABVTFTFBPP4JK1MGNKNK9GRZI.pcm /Users/danielstevens/Library/Developer/Xcode/DerivedData/ModuleCache.noindex/_Builtin_float-9V2YOBEYMUFN6U5Y7NI58OES7.pcm /Users/danielstevens/Library/Developer/Xcode/DerivedData/ModuleCache.noindex/_Builtin_stdint-D4SYL5UQJ3HWHB5I1TXOGISPK.pcm /Users/danielstevens/Library/Developer/Xcode/DerivedData/ModuleCache.noindex/UserNotifications-8C6MOPC9EPJE9K6OXZ6JC4R1V.pcm /Users/danielstevens/Library/Developer/Xcode/DerivedData/ModuleCache.noindex/Dispatch-C95ZERX0GXKN8UFSKX9MC51F5.pcm /Users/danielstevens/Library/Developer/Xcode/DerivedData/ModuleCache.noindex/XPC-3TVRT8RZK1NKVFT3JI12ZRWM6.pcm /Users/danielstevens/Library/Developer/Xcode/DerivedData/ModuleCache.noindex/_Builtin_stdatomic-6ZL7YL300P7TRKCQEH99SIMIY.pcm /Users/danielstevens/Library/Developer/Xcode/DerivedData/ModuleCache.noindex/CoreTransferable-6QXPNH5DKMQYYFJW7NM3OMMGB.pcm /Users/danielstevens/Library/Developer/Xcode/DerivedData/ModuleCache.noindex/UIKit-AN0WW9RAXIOUKQ16JAO3EPHYK.pcm /Users/danielstevens/Library/Developer/Xcode/DerivedData/ModuleCache.noindex/CoreData-9IY76KGIWDZSP481QMBIKBWMN.pcm /Users/danielstevens/Library/Developer/Xcode/DerivedData/ModuleCache.noindex/os_workgroup-9DDDEKQJV9JEVQV8H1HE3JM50.pcm /Users/danielstevens/Library/Developer/Xcode/DerivedData/ModuleCache.noindex/HealthKit-CPGVW3E4WGTLL6O73HIFQ8UMK.pcm /Users/danielstevens/Library/Developer/Xcode/DerivedData/ModuleCache.noindex/RelevanceKit-A5OY8F3KLRI6UTQN081VBHNBC.pcm /Users/danielstevens/Library/Developer/Xcode/DerivedData/ModuleCache.noindex/QuartzCore-BFVFJZBNKHWK3YAVD9BIMHZE0.pcm /Users/danielstevens/Library/Developer/Xcode/DerivedData/ModuleCache.noindex/os_object-5FIGAB5YRHKU307PVSN8NVUQZ.pcm /Users/danielstevens/Library/Developer/Xcode/DerivedData/ModuleCache.noindex/UIUtilities-3NBTEKS9452TAAYAQM2XAOGZF.pcm /Users/danielstevens/Library/Developer/Xcode/DerivedData/ModuleCache.noindex/os-EEEEU6BG742WHZ0RLA3CY8VDN.pcm /Users/danielstevens/Library/Developer/Xcode/DerivedData/ModuleCache.noindex/Symbols-9RHOJISWL2TCXULFSIEP3VZS9.pcm /Users/danielstevens/Library/Developer/Xcode/DerivedData/ModuleCache.noindex/CoreFoundation-CS3OOQFNIFZ67KLTEP27Y3M2J.pcm /Users/danielstevens/Library/Developer/Xcode/DerivedData/ModuleCache.noindex/FileProvider-9XJDMNEKD2S9Z6NU1BYF2A0Z5.pcm /Users/danielstevens/Library/Developer/Xcode/DerivedData/ModuleCache.noindex/_Builtin_stddef-5QUOX0QJLL7OJWPXIQR1X55O8.pcm /Users/danielstevens/Library/Developer/Xcode/DerivedData/ModuleCache.noindex/CoreLocation-1VJBSNN196W1GSOOM6TSCFQYI.pcm /Users/danielstevens/Library/Developer/Xcode/DerivedData/ModuleCache.noindex/OSLog-8G8TS59PQSGOBBBBYD4DDG9DQ.pcm /Users/danielstevens/Library/Developer/Xcode/DerivedData/ModuleCache.noindex/CFNetwork-B85C76MUHYBOSLYOGLHPNOZ90.pcm /Users/danielstevens/Library/Developer/Xcode/DerivedData/ModuleCache.noindex/_DarwinFoundation1-597Q1MSG97G9RNX8A5ELN66YF.pcm /Users/danielstevens/Library/Developer/Xcode/DerivedData/ModuleCache.noindex/ptrcheck-EBJL40PPKMAJ66EM3AZXKG0R8.pcm /Users/danielstevens/Library/Developer/Xcode/DerivedData/ModuleCache.noindex/_LocationEssentials-BGR281801P7NIU7YXIGCJBW19.pcm /Users/danielstevens/Library/Developer/Xcode/DerivedData/ModuleCache.noindex/ActivityKit-EXFBV6763BYSSKVL08I01BE4K.pcm /Users/danielstevens/Library/Developer/Xcode/DerivedData/ModuleCache.noindex/ImageIO-9DM3UY026UOVP7JT0AS94X32M.pcm /Users/danielstevens/Library/Developer/Xcode/DerivedData/ModuleCache.noindex/_DarwinFoundation3-ECPBVIKDXP8Z30IJW8BDAQNN7.pcm /Users/danielstevens/Library/Developer/Xcode/DerivedData/ModuleCache.noindex/_Builtin_tgmath-34YTATW2CQKIDXCUA5CKRP8XM.pcm /Users/danielstevens/Library/Developer/Xcode/DerivedData/ModuleCache.noindex/_AvailabilityInternal-8AO5KVE4JFM9INRQXNV0A18LW.pcm /Users/danielstevens/Library/Developer/Xcode/DerivedData/ModuleCache.noindex/Network-A9UMRDB6RSERI2C8BWT27M8UK.pcm /Users/danielstevens/Library/Developer/Xcode/DerivedData/ModuleCache.noindex/IOSurface-DHW66SDXM3MTMHGIYJAU9F1CX.pcm /Users/danielstevens/Library/Developer/Xcode/DerivedData/ModuleCache.noindex/LocalAuthentication-8Z36X5CZSZJWBH7YRBVU2SN5C.pcm /Users/danielstevens/Library/Developer/Xcode/DerivedData/ModuleCache.noindex/AppIntents-4Y6JHTHG6EGDJQXPVSNXRSH4V.pcm /Users/danielstevens/Library/Developer/Xcode/DerivedData/ModuleCache.noindex/CoreSpotlight-6TC2B5CZ4PQDOVOPODIG8DET1.pcm /Users/danielstevens/Library/Developer/Xcode/DerivedData/ModuleCache.noindex/CoreImage-4GRASPXGANG1F2K2MQ5UVFVER.pcm /Users/danielstevens/Library/Developer/Xcode/DerivedData/ModuleCache.noindex/Foundation-368DSKVTF6VEFSXWVF0ERTFW7.pcm /Users/danielstevens/Library/Developer/Xcode/DerivedData/PlannerApp-gchxksaawkyzgwdajloyqsapshop/Build/Intermediates.noindex/PlannerApp.build/Release-iphonesimulator/PlannerApp.build/Objects-normal/arm64/PlannerApp-dependencies-1.json (in target 'PlannerApp' from project 'PlannerApp')
	Building project PlannerApp with scheme PlannerApp and configuration Test
(3 failures)
